Component: ARM Compiler 5.06 update 1 (build 61) Tool: armlink [4d35a8]

==============================================================================

Section Cross References

    system_stm32f4xx.o(i.SystemCoreClockUpdate) refers to system_stm32f4xx.o(.data) for SystemCoreClock
    system_stm32f4xx.o(i.SystemInit) refers to system_stm32f4xx.o(i.SetSysClock) for SetSysClock
    startup_stm32f40_41xxx.o(STACK) refers (Special) to heapauxi.o(.text) for __use_two_region_memory
    startup_stm32f40_41xxx.o(HEAP) refers (Special) to heapauxi.o(.text) for __use_two_region_memory
    startup_stm32f40_41xxx.o(RESET) refers (Special) to heapauxi.o(.text) for __use_two_region_memory
    startup_stm32f40_41xxx.o(RESET) refers to startup_stm32f40_41xxx.o(STACK) for __initial_sp
    startup_stm32f40_41xxx.o(RESET) refers to startup_stm32f40_41xxx.o(.text) for Reset_Handler
    startup_stm32f40_41xxx.o(RESET) refers to stm32f4xx_it.o(i.NMI_Handler) for NMI_Handler
    startup_stm32f40_41xxx.o(RESET) refers to stm32f4xx_it.o(i.HardFault_Handler) for HardFault_Handler
    startup_stm32f40_41xxx.o(RESET) refers to stm32f4xx_it.o(i.MemManage_Handler) for MemManage_Handler
    startup_stm32f40_41xxx.o(RESET) refers to stm32f4xx_it.o(i.BusFault_Handler) for BusFault_Handler
    startup_stm32f40_41xxx.o(RESET) refers to stm32f4xx_it.o(i.UsageFault_Handler) for UsageFault_Handler
    startup_stm32f40_41xxx.o(RESET) refers to stm32f4xx_it.o(i.SVC_Handler) for SVC_Handler
    startup_stm32f40_41xxx.o(RESET) refers to stm32f4xx_it.o(i.DebugMon_Handler) for DebugMon_Handler
    startup_stm32f40_41xxx.o(RESET) refers to os_cpu_a.o(CODE) for PendSV_Handler
    startup_stm32f40_41xxx.o(RESET) refers to explore_systick.o(i.SysTick_Handler) for SysTick_Handler
    startup_stm32f40_41xxx.o(RESET) refers to timer3_ahrs.o(i.TIM3_IRQHandler) for TIM3_IRQHandler
    startup_stm32f40_41xxx.o(.text) refers (Special) to heapauxi.o(.text) for __use_two_region_memory
    startup_stm32f40_41xxx.o(.text) refers to system_stm32f4xx.o(i.SystemInit) for SystemInit
    startup_stm32f40_41xxx.o(.text) refers to __main.o(!!!main) for __main
    startup_stm32f40_41xxx.o(.text) refers to startup_stm32f40_41xxx.o(HEAP) for Heap_Mem
    startup_stm32f40_41xxx.o(.text) refers to startup_stm32f40_41xxx.o(STACK) for Stack_Mem
    stm32f4xx_gpio.o(i.GPIO_DeInit) refers to stm32f4xx_rcc.o(i.RCC_AHB1PeriphResetCmd) for RCC_AHB1PeriphResetCmd
    stm32f4xx_rcc.o(i.RCC_GetClocksFreq) refers to stm32f4xx_rcc.o(.data) for APBAHBPrescTable
    stm32f4xx_rcc.o(i.RCC_WaitForHSEStartUp) refers to stm32f4xx_rcc.o(i.RCC_GetFlagStatus) for RCC_GetFlagStatus
    stm32f4xx_usart.o(i.USART_DeInit) refers to stm32f4xx_rcc.o(i.RCC_APB2PeriphResetCmd) for RCC_APB2PeriphResetCmd
    stm32f4xx_usart.o(i.USART_DeInit) refers to stm32f4xx_rcc.o(i.RCC_APB1PeriphResetCmd) for RCC_APB1PeriphResetCmd
    stm32f4xx_usart.o(i.USART_Init) refers to stm32f4xx_rcc.o(i.RCC_GetClocksFreq) for RCC_GetClocksFreq
    stm32f4xx_spi.o(i.SPI_I2S_DeInit) refers to stm32f4xx_rcc.o(i.RCC_APB2PeriphResetCmd) for RCC_APB2PeriphResetCmd
    stm32f4xx_spi.o(i.SPI_I2S_DeInit) refers to stm32f4xx_rcc.o(i.RCC_APB1PeriphResetCmd) for RCC_APB1PeriphResetCmd
    stm32f4xx_tim.o(i.TIM_DeInit) refers to stm32f4xx_rcc.o(i.RCC_APB2PeriphResetCmd) for RCC_APB2PeriphResetCmd
    stm32f4xx_tim.o(i.TIM_DeInit) refers to stm32f4xx_rcc.o(i.RCC_APB1PeriphResetCmd) for RCC_APB1PeriphResetCmd
    stm32f4xx_tim.o(i.TIM_ETRClockMode1Config) refers to stm32f4xx_tim.o(i.TIM_ETRConfig) for TIM_ETRConfig
    stm32f4xx_tim.o(i.TIM_ETRClockMode2Config) refers to stm32f4xx_tim.o(i.TIM_ETRConfig) for TIM_ETRConfig
    stm32f4xx_tim.o(i.TIM_ICInit) refers to stm32f4xx_tim.o(i.TI1_Config) for TI1_Config
    stm32f4xx_tim.o(i.TIM_ICInit) refers to stm32f4xx_tim.o(i.TIM_SetIC1Prescaler) for TIM_SetIC1Prescaler
    stm32f4xx_tim.o(i.TIM_ICInit) refers to stm32f4xx_tim.o(i.TI2_Config) for TI2_Config
    stm32f4xx_tim.o(i.TIM_ICInit) refers to stm32f4xx_tim.o(i.TIM_SetIC2Prescaler) for TIM_SetIC2Prescaler
    stm32f4xx_tim.o(i.TIM_ICInit) refers to stm32f4xx_tim.o(i.TI3_Config) for TI3_Config
    stm32f4xx_tim.o(i.TIM_ICInit) refers to stm32f4xx_tim.o(i.TIM_SetIC3Prescaler) for TIM_SetIC3Prescaler
    stm32f4xx_tim.o(i.TIM_ICInit) refers to stm32f4xx_tim.o(i.TI4_Config) for TI4_Config
    stm32f4xx_tim.o(i.TIM_ICInit) refers to stm32f4xx_tim.o(i.TIM_SetIC4Prescaler) for TIM_SetIC4Prescaler
    stm32f4xx_tim.o(i.TIM_ITRxExternalClockConfig) refers to stm32f4xx_tim.o(i.TIM_SelectInputTrigger) for TIM_SelectInputTrigger
    stm32f4xx_tim.o(i.TIM_PWMIConfig) refers to stm32f4xx_tim.o(i.TI1_Config) for TI1_Config
    stm32f4xx_tim.o(i.TIM_PWMIConfig) refers to stm32f4xx_tim.o(i.TIM_SetIC1Prescaler) for TIM_SetIC1Prescaler
    stm32f4xx_tim.o(i.TIM_PWMIConfig) refers to stm32f4xx_tim.o(i.TI2_Config) for TI2_Config
    stm32f4xx_tim.o(i.TIM_PWMIConfig) refers to stm32f4xx_tim.o(i.TIM_SetIC2Prescaler) for TIM_SetIC2Prescaler
[...]
    __arm_preinit_                            - Undefined Weak Reference
    __cpp_initialize__aeabi_                  - Undefined Weak Reference
    __cxa_finalize                            - Undefined Weak Reference
    __rt_locale                               - Undefined Weak Reference
    __sigvec_lookup                           - Undefined Weak Reference
    _atexit_init                              - Undefined Weak Reference
    _call_atexit_fns                          - Undefined Weak Reference
    _clock_init                               - Undefined Weak Reference
    _fp_trap_init                             - Undefined Weak Reference
    _fp_trap_shutdown                         - Undefined Weak Reference
    _get_lc_collate                           - Undefined Weak Reference
    _get_lc_ctype                             - Undefined Weak Reference
    _get_lc_monetary                          - Undefined Weak Reference
    _get_lc_numeric                           - Undefined Weak Reference
    _get_lc_time                              - Undefined Weak Reference
    _getenv_init                              - Undefined Weak Reference
    _handle_redirection                       - Undefined Weak Reference
    _init_alloc                               - Undefined Weak Reference
    _init_user_alloc                          - Undefined Weak Reference
    _initio                                   - Undefined Weak Reference
    _rand_init                                - Undefined Weak Reference
    _signal_finish                            - Undefined Weak Reference
    _signal_init                              - Undefined Weak Reference
    _terminate_alloc                          - Undefined Weak Reference
    _terminate_user_alloc                     - Undefined Weak Reference
    _terminateio                              - Undefined Weak Reference
    __Vectors_Size                           0x00000188   Number         0  startup_stm32f40_41xxx.o ABSOLUTE
    __Vectors                                0x08000000   Data           4  startup_stm32f40_41xxx.o(RESET)
    __Vectors_End                            0x08000188   Data           0  startup_stm32f40_41xxx.o(RESET)
    __main                                   0x08000189   Thumb Code     8  __main.o(!!!main)
    __scatterload                            0x08000191   Thumb Code     0  __scatter.o(!!!scatter)
    __scatterload_rt2                        0x08000191   Thumb Code    44  __scatter.o(!!!scatter)
    __scatterload_rt2_thumb_only             0x08000191   Thumb Code     0  __scatter.o(!!!scatter)
    __scatterload_null                       0x0800019f   Thumb Code     0  __scatter.o(!!!scatter)
    __decompress                             0x080001c5   Thumb Code    90  __dczerorl2.o(!!dczerorl2)
    __decompress1                            0x080001c5   Thumb Code     0  __dczerorl2.o(!!dczerorl2)
    __scatterload_zeroinit                   0x08000221   Thumb Code    28  __scatter_zi.o(!!handler_zi)
    __rt_lib_init                            0x0800023d   Thumb Code     0  libinit.o(.ARM.Collect$$libinit$$00000000)
    __rt_lib_init_fp_1                       0x0800023f   Thumb Code     0  libinit2.o(.ARM.Collect$$libinit$$00000001)
    __rt_lib_init_alloca_1                   0x08000243   Thumb Code     0  libinit2.o(.ARM.Collect$$libinit$$0000002E)
    __rt_lib_init_argv_1                     0x08000243   Thumb Code     0  libinit2.o(.ARM.Collect$$libinit$$0000002C)
    __rt_lib_init_atexit_1                   0x08000243   Thumb Code     0  libinit2.o(.ARM.Collect$$libinit$$0000001B)
    __rt_lib_init_clock_1                    0x08000243   Thumb Code     0  libinit2.o(.ARM.Collect$$libinit$$00000021)
    __rt_lib_init_cpp_1                      0x08000243   Thumb Code     0  libinit2.o(.ARM.Collect$$libinit$$00000032)
    __rt_lib_init_exceptions_1               0x08000243   Thumb Code     0  libinit2.o(.ARM.Collect$$libinit$$00000030)
    __rt_lib_init_fp_trap_1                  0x08000243   Thumb Code     0  libinit2.o(.ARM.Collect$$libinit$$0000001F)
    __rt_lib_init_getenv_1                   0x08000243   Thumb Code     0  libinit2.o(.ARM.Collect$$libinit$$00000023)
    __rt_lib_init_heap_1                     0x08000243   Thumb Code     0  libinit2.o(.ARM.Collect$$libinit$$0000000A)
    __rt_lib_init_lc_collate_1               0x08000243   Thumb Code     0  libinit2.o(.ARM.Collect$$libinit$$00000011)
    __rt_lib_init_lc_ctype_1                 0x08000243   Thumb Code     0  libinit2.o(.ARM.Collect$$libinit$$00000013)
    __rt_lib_init_lc_monetary_1              0x08000243   Thumb Code     0  libinit2.o(.ARM.Collect$$libinit$$00000015)
    __rt_lib_init_lc_numeric_1               0x08000243   Thumb Code     0  libinit2.o(.ARM.Collect$$libinit$$00000017)
    __rt_lib_init_lc_time_1                  0x08000243   Thumb Code     0  libinit2.o(.ARM.Collect$$libinit$$00000019)
    __rt_lib_init_preinit_1                  0x08000243   Thumb Code     0  libinit2.o(.ARM.Collect$$libinit$$00000004)
    __rt_lib_init_rand_1                     0x08000243   Thumb Code     0  libinit2.o(.ARM.Collect$$libinit$$0000000E)
    __rt_lib_init_return                     0x08000243   Thumb Code     0  libinit2.o(.ARM.Collect$$libinit$$00000033)
    __rt_lib_init_signal_1                   0x08000243   Thumb Code     0  libinit2.o(.ARM.Collect$$libinit$$0000001D)
    __rt_lib_init_stdio_1                    0x08000243   Thumb Code     0  libinit2.o(.ARM.Collect$$libinit$$00000025)
    __rt_lib_init_user_alloc_1               0x08000243   Thumb Code     0  libinit2.o(.ARM.Collect$$libinit$$0000000C)
    __rt_lib_shutdown                        0x08000245   Thumb Code     0  libshutdown.o(.ARM.Collect$$libshutdown$$00000000)
    __rt_lib_shutdown_cpp_1                  0x08000247   Thumb Code     0  libshutdown2.o(.ARM.Collect$$libshutdown$$00000002)
    __rt_lib_shutdown_fp_trap_1              0x08000247   Thumb Code     0  libshutdown2.o(.ARM.Collect$$libshutdown$$00000007)
    __rt_lib_shutdown_heap_1                 0x08000247   Thumb Code     0  libshutdown2.o(.ARM.Collect$$libshutdown$$0000000F)
    __rt_lib_shutdown_return                 0x08000247   Thumb Code     0  libshutdown2.o(.ARM.Collect$$libshutdown$$00000010)
    __rt_lib_shutdown_signal_1               0x08000247   Thumb Code     0  libshutdown2.o(.ARM.Collect$$libshutdown$$0000000A)
    __rt_lib_shutdown_stdio_1                0x08000247   Thumb Code     0  libshutdown2.o(.ARM.Collect$$libshutdown$$00000004)
    __rt_lib_shutdown_user_alloc_1           0x08000247   Thumb Code     0  libshutdown2.o(.ARM.Collect$$libshutdown$$0000000C)
    __rt_entry                               0x08000249   Thumb Code     0  __rtentry.o(.ARM.Collect$$rtentry$$00000000)
    __rt_entry_presh_1                       0x08000249   Thumb Code     0  __rtentry2.o(.ARM.Collect$$rtentry$$00000002)
    __rt_entry_sh                            0x08000249   Thumb Code     0  __rtentry4.o(.ARM.Collect$$rtentry$$00000004)
    __rt_entry_li                            0x0800024f   Thumb Code     0  __rtentry2.o(.ARM.Collect$$rtentry$$0000000A)
    __rt_entry_postsh_1                      0x0800024f   Thumb Code     0  __rtentry2.o(.ARM.Collect$$rtentry$$00000009)
    __rt_entry_main                          0x08000253   Thumb Code     0  __rtentry2.o(.ARM.Collect$$rtentry$$0000000D)
    __rt_entry_postli_1                      0x08000253   Thumb Code     0  __rtentry2.o(.ARM.Collect$$rtentry$$0000000C)
    __rt_exit                                0x0800025b   Thumb Code     0  rtexit.o(.ARM.Collect$$rtexit$$00000000)
    __rt_exit_ls                             0x0800025d   Thumb Code     0  rtexit2.o(.ARM.Collect$$rtexit$$00000003)
    __rt_exit_prels_1                        0x0800025d   Thumb Code     0  rtexit2.o(.ARM.Collect$$rtexit$$00000002)
    __rt_exit_exit                           0x08000261   Thumb Code     0  rtexit2.o(.ARM.Collect$$rtexit$$00000004)
    Reset_Handler                            0x08000269   Thumb Code     8  startup_stm32f40_41xxx.o(.text)
    ADC_IRQHandler                           0x08000283   Thumb Code     0  startup_stm32f40_41xxx.o(.text)
    CAN1_RX0_IRQHandler                      0x08000283   Thumb Code     0  startup_stm32f40_41xxx.o(.text)
    CAN1_RX1_IRQHandler                      0x08000283   Thumb Code     0  startup_stm32f40_41xxx.o(.text)
    CAN1_SCE_IRQHandler                      0x08000283   Thumb Code     0  startup_stm32f40_41xxx.o(.text)
    CAN1_TX_IRQHandler                       0x08000283   Thumb Code     0  startup_stm32f40_41xxx.o(.text)
    CAN2_RX0_IRQHandler                      0x08000283   Thumb Code     0  startup_stm32f40_41xxx.o(.text)
    CAN2_RX1_IRQHandler                      0x08000283   Thumb Code     0  startup_stm32f40_41xxx.o(.text)
    CAN2_SCE_IRQHandler                      0x08000283   Thumb Code     0  startup_stm32f40_41xxx.o(.text)
    CAN2_TX_IRQHandler                       0x08000283   Thumb Code     0  startup_stm32f40_41xxx.o(.text)
    CRYP_IRQHandler                          0x08000283   Thumb Code     0  startup_stm32f40_41xxx.o(.text)
    DCMI_IRQHandler                          0x08000283   Thumb Code     0  startup_stm32f40_41xxx.o(.text)
    DMA1_Stream0_IRQHandler                  0x08000283   Thumb Code     0  startup_stm32f40_41xxx.o(.text)
    DMA1_Stream1_IRQHandler                  0x08000283   Thumb Code     0  startup_stm32f40_41xxx.o(.text)
    DMA1_Stream2_IRQHandler                  0x08000283   Thumb Code     0  startup_stm32f40_41xxx.o(.text)
    DMA1_Stream3_IRQHandler                  0x08000283   Thumb Code     0  startup_stm32f40_41xxx.o(.text)
    DMA1_Stream4_IRQHandler                  0x08000283   Thumb Code     0  startup_stm32f40_41xxx.o(.text)
    DMA1_Stream5_IRQHandler                  0x08000283   Thumb Code     0  startup_stm32f40_41xxx.o(.text)
    DMA1_Stream6_IRQHandler                  0x08000283   Thumb Code     0  startup_stm32f40_41xxx.o(.text)
    DMA1_Stream7_IRQHandler                  0x08000283   Thumb Code     0  startup_stm32f40_41xxx.o(.text)
    DMA2_Stream0_IRQHandler                  0x08000283   Thumb Code     0  startup_stm32f40_41xxx.o(.text)
    DMA2_Stream1_IRQHandler                  0x08000283   Thumb Code     0  startup_stm32f40_41xxx.o(.text)
    DMA2_Stream2_IRQHandler                  0x08000283   Thumb Code     0  startup_stm32f40_41xxx.o(.text)
    DMA2_Stream3_IRQHandler                  0x08000283   Thumb Code     0  startup_stm32f40_41xxx.o(.text)
    DMA2_Stream4_IRQHandler                  0x08000283   Thumb Code     0  startup_stm32f40_41xxx.o(.text)
    DMA2_Stream5_IRQHandler                  0x08000283   Thumb Code     0  startup_stm32f40_41xxx.o(.text)
    DMA2_Stream6_IRQHandler                  0x08000283   Thumb Code     0  startup_stm32f40_41xxx.o(.text)
    DMA2_Stream7_IRQHandler                  0x08000283   Thumb Code     0  startup_stm32f40_41xxx.o(.text)
    ETH_IRQHandler                           0x08000283   Thumb Code     0  startup_stm32f40_41xxx.o(.text)
    ETH_WKUP_IRQHandler                      0x08000283   Thumb Code     0  startup_stm32f40_41xxx.o(.text)
    EXTI0_IRQHandler                         0x08000283   Thumb Code     0  startup_stm32f40_41xxx.o(.text)
    EXTI15_10_IRQHandler                     0x08000283   Thumb Code     0  startup_stm32f40_41xxx.o(.text)
    EXTI1_IRQHandler                         0x08000283   Thumb Code     0  startup_stm32f40_41xxx.o(.text)
    EXTI2_IRQHandler                         0x08000283   Thumb Code     0  startup_stm32f40_41xxx.o(.text)
    EXTI3_IRQHandler                         0x08000283   Thumb Code     0  startup_stm32f40_41xxx.o(.text)
    EXTI4_IRQHandler                         0x08000283   Thumb Code     0  startup_stm32f40_41xxx.o(.text)
    EXTI9_5_IRQHandler                       0x08000283   Thumb Code     0  startup_stm32f40_41xxx.o(.text)
    FLASH_IRQHandler                         0x08000283   Thumb Code     0  startup_stm32f40_41xxx.o(.text)
    FPU_IRQHandler                           0x08000283   Thumb Code     0  startup_stm32f40_41xxx.o(.text)
    FSMC_IRQHandler                          0x08000283   Thumb Code     0  startup_stm32f40_41xxx.o(.text)
    HASH_RNG_IRQHandler                      0x08000283   Thumb Code     0  startup_stm32f40_41xxx.o(.text)
    I2C1_ER_IRQHandler                       0x08000283   Thumb Code     0  startup_stm32f40_41xxx.o(.text)
    I2C1_EV_IRQHandler                       0x08000283   Thumb Code     0  startup_stm32f40_41xxx.o(.text)
    I2C2_ER_IRQHandler                       0x08000283   Thumb Code     0  startup_stm32f40_41xxx.o(.text)
    I2C2_EV_IRQHandler                       0x08000283   Thumb Code     0  startup_stm32f40_41xxx.o(.text)
    I2C3_ER_IRQHandler                       0x08000283   Thumb Code     0  startup_stm32f40_41xxx.o(.text)
    I2C3_EV_IRQHandler                       0x08000283   Thumb Code     0  startup_stm32f40_41xxx.o(.text)
    OTG_FS_IRQHandler                        0x08000283   Thumb Code     0  startup_stm32f40_41xxx.o(.text)
    OTG_FS_WKUP_IRQHandler                   0x08000283   Thumb Code     0  startup_stm32f40_41xxx.o(.text)
    OTG_HS_EP1_IN_IRQHandler                 0x08000283   Thumb Code     0  startup_stm32f40_41xxx.o(.text)
    OTG_HS_EP1_OUT_IRQHandler                0x08000283   Thumb Code     0  startup_stm32f40_41xxx.o(.text)
    OTG_HS_IRQHandler                        0x08000283   Thumb Code     0  startup_stm32f40_41xxx.o(.text)
    OTG_HS_WKUP_IRQHandler                   0x08000283   Thumb Code     0  startup_stm32f40_41xxx.o(.text)
    PVD_IRQHandler                           0x08000283   Thumb Code     0  startup_stm32f40_41xxx.o(.text)
    RCC_IRQHandler                           0x08000283   Thumb Code     0  startup_stm32f40_41xxx.o(.text)
    RTC_Alarm_IRQHandler                     0x08000283   Thumb Code     0  startup_stm32f40_41xxx.o(.text)
    RTC_WKUP_IRQHandler                      0x08000283   Thumb Code     0  startup_stm32f40_41xxx.o(.text)
    SDIO_IRQHandler                          0x08000283   Thumb Code     0  startup_stm32f40_41xxx.o(.text)
    SPI1_IRQHandler                          0x08000283   Thumb Code     0  startup_stm32f40_41xxx.o(.text)
    SPI2_IRQHandler                          0x08000283   Thumb Code     0  startup_stm32f40_41xxx.o(.text)
    SPI3_IRQHandler                          0x08000283   Thumb Code     0  startup_stm32f40_41xxx.o(.text)
    TAMP_STAMP_IRQHandler                    0x08000283   Thumb Code     0  startup_stm32f40_41xxx.o(.text)
    TIM1_BRK_TIM9_IRQHandler                 0x08000283   Thumb Code     0  startup_stm32f40_41xxx.o(.text)
    TIM1_CC_IRQHandler                       0x08000283   Thumb Code     0  startup_stm32f40_41xxx.o(.text)
    TIM1_TRG_COM_TIM11_IRQHandler            0x08000283   Thumb Code     0  startup_stm32f40_41xxx.o(.text)
    TIM1_UP_TIM10_IRQHandler                 0x08000283   Thumb Code     0  startup_stm32f40_41xxx.o(.text)
    TIM2_IRQHandler                          0x08000283   Thumb Code     0  startup_stm32f40_41xxx.o(.text)
    TIM4_IRQHandler                          0x08000283   Thumb Code     0  startup_stm32f40_41xxx.o(.text)
    TIM5_IRQHandler                          0x08000283   Thumb Code     0  startup_stm32f40_41xxx.o(.text)
    TIM6_DAC_IRQHandler                      0x08000283   Thumb Code     0  startup_stm32f40_41xxx.o(.text)
    TIM7_IRQHandler                          0x08000283   Thumb Code     0  startup_stm32f40_41xxx.o(.text)
    TIM8_BRK_TIM12_IRQHandler                0x08000283   Thumb Code     0  startup_stm32f40_41xxx.o(.text)
    TIM8_CC_IRQHandler                       0x08000283   Thumb Code     0  startup_stm32f40_41xxx.o(.text)
    TIM8_TRG_COM_TIM14_IRQHandler            0x08000283   Thumb Code     0  startup_stm32f40_41xxx.o(.text)
    TIM8_UP_TIM13_IRQHandler                 0x08000283   Thumb Code     0  startup_stm32f40_41xxx.o(.text)
    UART4_IRQHandler                         0x08000283   Thumb Code     0  startup_stm32f40_41xxx.o(.text)
    UART5_IRQHandler                         0x08000283   Thumb Code     0  startup_stm32f40_41xxx.o(.text)
    USART1_IRQHandler                        0x08000283   Thumb Code     0  startup_stm32f40_41xxx.o(.text)
    USART2_IRQHandler                        0x08000283   Thumb Code     0  startup_stm32f40_41xxx.o(.text)
    USART3_IRQHandler                        0x08000283   Thumb Code     0  startup_stm32f40_41xxx.o(.text)
    USART6_IRQHandler                        0x08000283   Thumb Code     0  startup_stm32f40_41xxx.o(.text)
    WWDG_IRQHandler                          0x08000283   Thumb Code     0  startup_stm32f40_41xxx.o(.text)
    __user_initial_stackheap                 0x08000285   Thumb Code     0  startup_stm32f40_41xxx.o(.text)
    CPU_IntDis                               0x080002a9   Thumb Code     0  cpu_a.o(.text)
    CPU_IntEn                                0x080002ad   Thumb Code     0  cpu_a.o(.text)
    CPU_SR_Save                              0x080002b1   Thumb Code     0  cpu_a.o(.text)
    CPU_SR_Restore                           0x080002b9   Thumb Code     0  cpu_a.o(.text)
    CPU_WaitForInt                           0x080002bf   Thumb Code     0  cpu_a.o(.text)
    CPU_WaitForExcept                        0x080002c3   Thumb Code     0  cpu_a.o(.text)
    CPU_CntLeadZeros                         0x080002c7   Thumb Code     0  cpu_a.o(.text)
    CPU_CntTrailZeros                        0x080002cd   Thumb Code     0  cpu_a.o(.text)
    CPU_RevBits                              0x080002d7   Thumb Code     0  cpu_a.o(.text)
    __use_two_region_memory                  0x080002dd   Thumb Code     2  heapauxi.o(.text)
    __rt_heap_escrow$2region                 0x080002df   Thumb Code     2  heapauxi.o(.text)
    __rt_heap_expand$2region                 0x080002e1   Thumb Code     2  heapauxi.o(.text)
    __read_errno                             0x080002e3   Thumb Code    10  _rserrno.o(.text)
    __set_errno                              0x080002ed   Thumb Code    12  _rserrno.o(.text)
    __aeabi_errno_addr                       0x080002f9   Thumb Code     8  rt_errno_addr_intlibspace.o(.text)
    __errno$intlibspace                      0x080002f9   Thumb Code     0  rt_errno_addr_intlibspace.o(.text)
    __rt_errno_addr$intlibspace              0x080002f9   Thumb Code     0  rt_errno_addr_intlibspace.o(.text)
    __user_libspace                          0x08000301   Thumb Code     8  libspace.o(.text)
    __user_perproc_libspace                  0x08000301   Thumb Code     0  libspace.o(.text)
    __user_perthread_libspace                0x08000301   Thumb Code     0  libspace.o(.text)
    __user_setup_stackheap                   0x08000309   Thumb Code    74  sys_stackheap_outer.o(.text)
    exit                                     0x08000353   Thumb Code    18  exit.o(.text)
    _sys_exit                                0x08000365   Thumb Code     8  sys_exit.o(.text)
    __I$use$semihosting                      0x08000371   Thumb Code     0  use_no_semi.o(.text)
    __use_no_semihosting_swi                 0x08000371   Thumb Code     2  use_no_semi.o(.text)
    __semihosting_library_function           0x08000373   Thumb Code     0  indicate_semi.o(.text)
    OSStartHighRdy                           0x08000375   Thumb Code     0  os_cpu_a.o(CODE)
    OSCtxSw                                  0x08000397   Thumb Code     0  os_cpu_a.o(CODE)
    OSIntCtxSw                               0x080003a1   Thumb Code     0  os_cpu_a.o(CODE)
    PendSV_Handler                           0x080003ab   Thumb Code     0  os_cpu_a.o(CODE)
    BSP_CPU_ClkFreq                          0x08000421   Thumb Code    14  bsp.o(i.BSP_CPU_ClkFreq)
    BusFault_Handler                         0x0800042f   Thumb Code     4  stm32f4xx_it.o(i.BusFault_Handler)
    CPU_Init                                 0x08000433   Thumb Code    12  cpu_core.o(i.CPU_Init)
    CPU_NameClr                              0x08000441   Thumb Code    42  cpu_core.o(i.CPU_NameClr)
    CPU_TS_TmrFreqSet                        0x0800048d   Thumb Code     6  cpu_core.o(i.CPU_TS_TmrFreqSet)
    CPU_TS_TmrInit                           0x08000499   Thumb Code    44  bsp.o(i.CPU_TS_TmrInit)
    CPU_TS_TmrRd                             0x080004cd   Thumb Code     6  bsp.o(i.CPU_TS_TmrRd)
    DebugMon_Handler                         0x080004d9   Thumb Code     2  stm32f4xx_it.o(i.DebugMon_Handler)
    GPIO_Init                                0x080004db   Thumb Code   144  stm32f4xx_gpio.o(i.GPIO_Init)
    GPIO_PinAFConfig                         0x0800056b   Thumb Code    70  stm32f4xx_gpio.o(i.GPIO_PinAFConfig)
    GPIO_ResetBits                           0x080005b1   Thumb Code     4  stm32f4xx_gpio.o(i.GPIO_ResetBits)
    GPIO_SetBits                             0x080005b5   Thumb Code     4  stm32f4xx_gpio.o(i.GPIO_SetBits)
    HardFault_Handler                        0x080005b9   Thumb Code     4  stm32f4xx_it.o(i.HardFault_Handler)
    IMU_HardwareInit                         0x080005bd   Thumb Code    24  imu_ahrs.o(i.IMU_HardwareInit)
    IMU_getInfo                              0x080005d5   Thumb Code  1180  imu_ahrs.o(i.IMU_getInfo)
    IMU_getValues                            0x08000a71   Thumb Code   192  imu_ahrs.o(i.IMU_getValues)
    IMU_task                                 0x08000b35   Thumb Code    42  task.o(i.IMU_task)
    LSM303_readMag                           0x08000ba1   Thumb Code   428  lsm303d.o(i.LSM303_readMag)
    MPU6500_InitGyro_Offset                  0x08000db9   Thumb Code   150  mpu6500.o(i.MPU6500_InitGyro_Offset)
    MPU6500_initialize                       0x08000e71   Thumb Code   102  mpu6500.o(i.MPU6500_initialize)
    MPU6500_readGyro_Acc                     0x08000ed9   Thumb Code   294  mpu6500.o(i.MPU6500_readGyro_Acc)
    MahonyAHRSupdateIMU                      0x08001055   Thumb Code   788  mahonyahrs.o(i.MahonyAHRSupdateIMU)
    MemManage_Handler                        0x08001399   Thumb Code     4  stm32f4xx_it.o(i.MemManage_Handler)
    Mem_Clr                                  0x0800139d   Thumb Code    18  lib_mem.o(i.Mem_Clr)
    Mem_Set                                  0x080013af   Thumb Code    84  lib_mem.o(i.Mem_Set)
    NMI_Handler                              0x08001403   Thumb Code     2  stm32f4xx_it.o(i.NMI_Handler)
    NVIC_PriorityGroupConfig                 0x08001405   Thumb Code    10  misc.o(i.NVIC_PriorityGroupConfig)
    OSCfg_Init                               0x08001419   Thumb Code     2  os_cfg_app.o(i.OSCfg_Init)
    OSIdleTaskHook                           0x0800141d   Thumb Code    16  os_cpu_c.o(i.OSIdleTaskHook)
    OSInit                                   0x08001431   Thumb Code   288  os_core.o(i.OSInit)
    OSInitHook                               0x080015b1   Thumb Code    28  os_cpu_c.o(i.OSInitHook)
    OSIntEnter                               0x080015d9   Thumb Code    34  os_core.o(i.OSIntEnter)
    OSIntExit                                0x08001605   Thumb Code   188  os_core.o(i.OSIntExit)
    OSSched                                  0x080016e1   Thumb Code   130  os_core.o(i.OSSched)
    OSSchedLock                              0x08001781   Thumb Code   104  os_core.o(i.OSSchedLock)
    OSSchedRoundRobinCfg                     0x080017f5   Thumb Code    88  os_core.o(i.OSSchedRoundRobinCfg)
    OSSchedUnlock                            0x08001859   Thumb Code   136  os_core.o(i.OSSchedUnlock)
    OSSemCreate                              0x080018ed   Thumb Code   116  os_sem.o(i.OSSemCreate)
    OSSemPend                                0x0800196d   Thumb Code   406  os_sem.o(i.OSSemPend)
    OSSemPost                                0x08001b15   Thumb Code   108  os_sem.o(i.OSSemPost)
    OSStart                                  0x08001b85   Thumb Code    78  os_core.o(i.OSStart)
    OSStatReset                              0x08001bed   Thumb Code   262  os_stat.o(i.OSStatReset)
    OSStatTaskCPUUsageInit                   0x08001d15   Thumb Code   212  os_stat.o(i.OSStatTaskCPUUsageInit)
    OSStatTaskHook                           0x08001e05   Thumb Code    16  os_cpu_c.o(i.OSStatTaskHook)
    OSTaskCreate                             0x08001e19   Thumb Code   412  os_task.o(i.OSTaskCreate)
    OSTaskCreateHook                         0x08001fcd   Thumb Code    20  os_cpu_c.o(i.OSTaskCreateHook)
    OSTaskDel                                0x08001fe5   Thumb Code   278  os_task.o(i.OSTaskDel)
    OSTaskDelHook                            0x0800210d   Thumb Code    20  os_cpu_c.o(i.OSTaskDelHook)
    OSTaskResume                             0x08002125   Thumb Code    96  os_task.o(i.OSTaskResume)
    OSTaskReturnHook                         0x0800218d   Thumb Code    20  os_cpu_c.o(i.OSTaskReturnHook)
    OSTaskSemPend                            0x080021a5   Thumb Code   464  os_task.o(i.OSTaskSemPend)
    OSTaskSemPost                            0x08002381   Thumb Code    62  os_task.o(i.OSTaskSemPost)
    OSTaskStkChk                             0x080023c1   Thumb Code   204  os_task.o(i.OSTaskStkChk)
    OSTaskStkInit                            0x08002495   Thumb Code   600  os_cpu_c.o(i.OSTaskStkInit)
    OSTaskSuspend                            0x080026f1   Thumb Code    48  os_task.o(i.OSTaskSuspend)
    OSTaskSwHook                             0x08002729   Thumb Code   120  os_cpu_c.o(i.OSTaskSwHook)
    OSTimeDly                                0x080027b1   Thumb Code   182  os_time.o(i.OSTimeDly)
    OSTimeTick                               0x08002875   Thumb Code    68  os_time.o(i.OSTimeTick)
    OSTimeTickHook                           0x080028d1   Thumb Code    16  os_cpu_c.o(i.OSTimeTickHook)
    OS_Dbg_Init                              0x080028e5   Thumb Code   148  os_dbg.o(i.OS_Dbg_Init)
    OS_FlagInit                              0x08002a91   Thumb Code    14  os_flag.o(i.OS_FlagInit)
    OS_IdleTask                              0x08002aa9   Thumb Code    60  os_core.o(i.OS_IdleTask)
    OS_IdleTaskInit                          0x08002aed   Thumb Code    66  os_core.o(i.OS_IdleTaskInit)
    OS_MemInit                               0x08002b5d   Thumb Code    14  os_mem.o(i.OS_MemInit)
    OS_MsgPoolInit                           0x08002b75   Thumb Code   110  os_msg.o(i.OS_MsgPoolInit)
    OS_MsgQFreeAll                           0x08002bf1   Thumb Code    62  os_msg.o(i.OS_MsgQFreeAll)
    OS_MsgQInit                              0x08002c35   Thumb Code    14  os_msg.o(i.OS_MsgQInit)
    OS_MutexInit                             0x08002c45   Thumb Code    14  os_mutex.o(i.OS_MutexInit)
    OS_Pend                                  0x08002c5d   Thumb Code    98  os_core.o(i.OS_Pend)
    OS_PendDataInit                          0x08002cc5   Thumb Code    38  os_core.o(i.OS_PendDataInit)
    OS_PendDbgNameAdd                        0x08002ced   Thumb Code    66  os_core.o(i.OS_PendDbgNameAdd)
    OS_PendDbgNameRemove                     0x08002d49   Thumb Code    30  os_core.o(i.OS_PendDbgNameRemove)
    OS_PendListInit                          0x08002d6d   Thumb Code    10  os_core.o(i.OS_PendListInit)
    OS_PendListInsertPrio                    0x08002d77   Thumb Code   102  os_core.o(i.OS_PendListInsertPrio)
    OS_PendListRemove                        0x08002ddd   Thumb Code    48  os_core.o(i.OS_PendListRemove)
    OS_PendListRemove1                       0x08002e0d   Thumb Code    66  os_core.o(i.OS_PendListRemove1)
    OS_Post                                  0x08002e4f   Thumb Code   192  os_core.o(i.OS_Post)
    OS_Post1                                 0x08002f0f   Thumb Code    42  os_core.o(i.OS_Post1)
    OS_PrioGetHighest                        0x08002f39   Thumb Code    36  os_prio.o(i.OS_PrioGetHighest)
    OS_PrioInit                              0x08002f61   Thumb Code    20  os_prio.o(i.OS_PrioInit)
    OS_PrioInsert                            0x08002f79   Thumb Code    32  os_prio.o(i.OS_PrioInsert)
    OS_PrioRemove                            0x08002f9d   Thumb Code    32  os_prio.o(i.OS_PrioRemove)
    OS_QInit                                 0x08002fc1   Thumb Code    14  os_q.o(i.OS_QInit)
    OS_RdyListInit                           0x08002fd9   Thumb Code    32  os_core.o(i.OS_RdyListInit)
    OS_RdyListInsert                         0x08002ffd   Thumb Code    40  os_core.o(i.OS_RdyListInsert)
    OS_RdyListInsertHead                     0x08003029   Thumb Code    58  os_core.o(i.OS_RdyListInsertHead)
    OS_RdyListInsertTail                     0x08003069   Thumb Code    56  os_core.o(i.OS_RdyListInsertTail)
    OS_RdyListMoveHeadToTail                 0x080030a5   Thumb Code    68  os_core.o(i.OS_RdyListMoveHeadToTail)
    OS_RdyListRemove                         0x080030e9   Thumb Code    86  os_core.o(i.OS_RdyListRemove)
    OS_SchedLockTimeMeasStart                0x08003145   Thumb Code    20  os_core.o(i.OS_SchedLockTimeMeasStart)
    OS_SchedLockTimeMeasStop                 0x08003161   Thumb Code    44  os_core.o(i.OS_SchedLockTimeMeasStop)
    OS_SchedRoundRobin                       0x0800319d   Thumb Code   190  os_core.o(i.OS_SchedRoundRobin)
    OS_SemDbgListAdd                         0x0800326d   Thumb Code    38  os_sem.o(i.OS_SemDbgListAdd)
    OS_SemInit                               0x0800329d   Thumb Code    14  os_sem.o(i.OS_SemInit)
    OS_SemPost                               0x080032b5   Thumb Code   294  os_sem.o(i.OS_SemPost)
    OS_StatTask                              0x080033dd   Thumb Code   686  os_stat.o(i.OS_StatTask)
    OS_StatTaskInit                          0x080036c9   Thumb Code   136  os_stat.o(i.OS_StatTaskInit)
    OS_TaskBlock                             0x08003795   Thumb Code    56  os_core.o(i.OS_TaskBlock)
    OS_TaskDbgListAdd                        0x080037cd   Thumb Code    42  os_task.o(i.OS_TaskDbgListAdd)
    OS_TaskDbgListRemove                     0x080037fd   Thumb Code    64  os_task.o(i.OS_TaskDbgListRemove)
    OS_TaskInit                              0x08003841   Thumb Code    18  os_task.o(i.OS_TaskInit)
    OS_TaskInitTCB                           0x08003861   Thumb Code   186  os_task.o(i.OS_TaskInitTCB)
    OS_TaskRdy                               0x08003929   Thumb Code    28  os_core.o(i.OS_TaskRdy)
    OS_TaskResume                            0x08003945   Thumb Code   256  os_task.o(i.OS_TaskResume)
    OS_TaskReturn                            0x08003a45   Thumb Code    20  os_task.o(i.OS_TaskReturn)
    OS_TaskSemPost                           0x08003a5d   Thumb Code   448  os_task.o(i.OS_TaskSemPost)
    OS_TaskSuspend                           0x08003c21   Thumb Code   272  os_task.o(i.OS_TaskSuspend)
    OS_TickListInit                          0x08003d39   Thumb Code    32  os_tick.o(i.OS_TickListInit)
    OS_TickListInsert                        0x08003d61   Thumb Code   430  os_tick.o(i.OS_TickListInsert)
    OS_TickListRemove                        0x08003f1d   Thumb Code    56  os_tick.o(i.OS_TickListRemove)
    OS_TickListResetPeak                     0x08003f55   Thumb Code    28  os_tick.o(i.OS_TickListResetPeak)
    OS_TickListUpdate                        0x08003f79   Thumb Code   376  os_tick.o(i.OS_TickListUpdate)
    OS_TickTask                              0x08004101   Thumb Code    38  os_tick.o(i.OS_TickTask)
    OS_TickTaskInit                          0x0800412d   Thumb Code   128  os_tick.o(i.OS_TickTaskInit)
    OS_TmrInit                               0x080041e5   Thumb Code   206  os_tmr.o(i.OS_TmrInit)
    OS_TmrLink                               0x0800430d   Thumb Code   196  os_tmr.o(i.OS_TmrLink)
    OS_TmrResetPeak                          0x080043dd   Thumb Code    28  os_tmr.o(i.OS_TmrResetPeak)
    OS_TmrTask                               0x08004401   Thumb Code   176  os_tmr.o(i.OS_TmrTask)
    OS_TmrUnlink                             0x080044c1   Thumb Code    72  os_tmr.o(i.OS_TmrUnlink)
    RCC_AHB1PeriphClockCmd                   0x08004511   Thumb Code    26  stm32f4xx_rcc.o(i.RCC_AHB1PeriphClockCmd)
    RCC_APB1PeriphClockCmd                   0x08004531   Thumb Code    26  stm32f4xx_rcc.o(i.RCC_APB1PeriphClockCmd)
    RCC_GetClocksFreq                        0x08004551   Thumb Code   214  stm32f4xx_rcc.o(i.RCC_GetClocksFreq)
    SPI3_Configuration                       0x08004639   Thumb Code   198  spi3.o(i.SPI3_Configuration)
    SPI3_ReadWrite_Byte                      0x0800470d   Thumb Code    46  spi3.o(i.SPI3_ReadWrite_Byte)
    SPI3_readRegs                            0x08004741   Thumb Code    40  spi3.o(i.SPI3_readRegs)
    SPI_Cmd                                  0x08004769   Thumb Code    24  stm32f4xx_spi.o(i.SPI_Cmd)
    SPI_Init                                 0x08004781   Thumb Code    60  stm32f4xx_spi.o(i.SPI_Init)
    SVC_Handler                              0x080047bd   Thumb Code     2  stm32f4xx_it.o(i.SVC_Handler)
    SysTick_CLKSourceConfig                  0x080048ad   Thumb Code    40  misc.o(i.SysTick_CLKSourceConfig)
    SysTick_Handler                          0x080048d5   Thumb Code    24  explore_systick.o(i.SysTick_Handler)
    SystemInit                               0x080048f1   Thumb Code    88  system_stm32f4xx.o(i.SystemInit)
    Systick_Init                             0x08004959   Thumb Code    94  explore_systick.o(i.Systick_Init)
    TIM3_IRQHandler                          0x080049c9   Thumb Code    42  timer3_ahrs.o(i.TIM3_IRQHandler)
    TIM_ClearITPendingBit                    0x080049fd   Thumb Code     6  stm32f4xx_tim.o(i.TIM_ClearITPendingBit)
    TIM_GetITStatus                          0x08004a03   Thumb Code    34  stm32f4xx_tim.o(i.TIM_GetITStatus)
    UsageFault_Handler                       0x08004a25   Thumb Code     4  stm32f4xx_it.o(i.UsageFault_Handler)
    __ARM_fpclassify                         0x08004a29   Thumb Code    48  fpclassify.o(i.__ARM_fpclassify)
    __hardfp_asin                            0x08004a59   Thumb Code   770  asin.o(i.__hardfp_asin)
    __hardfp_atan                            0x08004db9   Thumb Code   622  atan.o(i.__hardfp_atan)
    __hardfp_atan2                           0x08005091   Thumb Code   432  atan2.o(i.__hardfp_atan2)
    __kernel_poly                            0x08005281   Thumb Code   248  poly.o(i.__kernel_poly)
    __mathlib_dbl_infnan                     0x08005379   Thumb Code    20  dunder.o(i.__mathlib_dbl_infnan)
    __mathlib_dbl_infnan2                    0x0800538d   Thumb Code    20  dunder.o(i.__mathlib_dbl_infnan2)
    __mathlib_dbl_invalid                    0x080053a1   Thumb Code    24  dunder.o(i.__mathlib_dbl_invalid)
    __mathlib_dbl_underflow                  0x080053c1   Thumb Code    24  dunder.o(i.__mathlib_dbl_underflow)
    atan                                     0x080053e1   Thumb Code    16  atan.o(i.atan)
    delay_ms                                 0x080053f1   Thumb Code    66  explore_systick.o(i.delay_ms)
    delay_osschedlock                        0x08005441   Thumb Code    10  explore_systick.o(i.delay_osschedlock)
    delay_osschedunlock                      0x0800544b   Thumb Code    10  explore_systick.o(i.delay_osschedunlock)
    delay_ostimedly                          0x08005455   Thumb Code    16  explore_systick.o(i.delay_ostimedly)
    delay_us                                 0x08005465   Thumb Code    84  explore_systick.o(i.delay_us)
    fabs                                     0x080054bd   Thumb Code    24  fabs.o(i.fabs)
    invSqrt                                  0x080054d5   Thumb Code    56  mahonyahrs.o(i.invSqrt)
    main                                     0x08005511   Thumb Code   118  stm32f4xx_main.o(i.main)
    safe_asin                                0x080055a1   Thumb Code   122  imu_ahrs.o(i.safe_asin)
    sqrt                                     0x08005629   Thumb Code   110  sqrt.o(i.sqrt)
    start_task                               0x08005699   Thumb Code   118  stm32f4xx_main.o(i.start_task)
    __aeabi_dneg                             0x0800572d   Thumb Code     0  basic.o(x$fpl$basic)
    _dneg                                    0x0800572d   Thumb Code     6  basic.o(x$fpl$basic)
    __aeabi_fneg                             0x08005733   Thumb Code     0  basic.o(x$fpl$basic)
    _fneg                                    0x08005733   Thumb Code     6  basic.o(x$fpl$basic)
    _dabs                                    0x08005739   Thumb Code     6  basic.o(x$fpl$basic)
    _fabs                                    0x0800573f   Thumb Code     6  basic.o(x$fpl$basic)
    __aeabi_d2f                              0x08005745   Thumb Code     0  d2f.o(x$fpl$d2f)
    _d2f                                     0x08005745   Thumb Code    98  d2f.o(x$fpl$d2f)
    __aeabi_dadd                             0x080057a9   Thumb Code     0  daddsub_clz.o(x$fpl$dadd)
    _dadd                                    0x080057a9   Thumb Code   332  daddsub_clz.o(x$fpl$dadd)
    __aeabi_ddiv                             0x080058f9   Thumb Code     0  ddiv.o(x$fpl$ddiv)
    _ddiv                                    0x080058f9   Thumb Code   552  ddiv.o(x$fpl$ddiv)
    __aeabi_dmul                             0x08005ba9   Thumb Code     0  dmul.o(x$fpl$dmul)
    _dmul                                    0x08005ba9   Thumb Code   332  dmul.o(x$fpl$dmul)
    __fpl_dnaninf                            0x08005cfd   Thumb Code   156  dnaninf.o(x$fpl$dnaninf)
    __fpl_dretinf                            0x08005d99   Thumb Code    12  dretinf.o(x$fpl$dretinf)
    __aeabi_drsub                            0x08005da5   Thumb Code     0  daddsub_clz.o(x$fpl$drsb)
    _drsb                                    0x08005da5   Thumb Code    22  daddsub_clz.o(x$fpl$drsb)
    _dsqrt                                   0x08005dbd   Thumb Code   404  dsqrt_umaal.o(x$fpl$dsqrt)
    __aeabi_dsub                             0x08005f55   Thumb Code     0  daddsub_clz.o(x$fpl$dsub)
    _dsub                                    0x08005f55   Thumb Code   464  daddsub_clz.o(x$fpl$dsub)
    __aeabi_f2d                              0x08006129   Thumb Code     0  f2d.o(x$fpl$f2d)
    _f2d                                     0x08006129   Thumb Code    86  f2d.o(x$fpl$f2d)
    __fpl_fnaninf                            0x0800617f   Thumb Code   140  fnaninf.o(x$fpl$fnaninf)
    _fp_init                                 0x0800620b   Thumb Code    10  fpinit.o(x$fpl$fpinit)
    __fplib_config_fpu_vfp                   0x08006213   Thumb Code     0  fpinit.o(x$fpl$fpinit)
    __fplib_config_pureend_doubles           0x08006213   Thumb Code     0  fpinit.o(x$fpl$fpinit)
    __fpl_fretinf                            0x08006215   Thumb Code    10  fretinf.o(x$fpl$fretinf)
    __I$use$fp                               0x0800621e   Number         0  usenofp.o(x$fpl$usenofp)
    OSCfg_IdleTaskStkBasePtr                 0x08006220   Data           4  os_cfg_app.o(.constdata)
    OSCfg_IdleTaskStkLimit                   0x08006224   Data           4  os_cfg_app.o(.constdata)
    OSCfg_IdleTaskStkSize                    0x08006228   Data           4  os_cfg_app.o(.constdata)
    OSCfg_IdleTaskStkSizeRAM                 0x0800622c   Data           4  os_cfg_app.o(.constdata)
    OSCfg_IntQBasePtr                        0x08006230   Data           4  os_cfg_app.o(.constdata)
    OSCfg_IntQSize                           0x08006234   Data           2  os_cfg_app.o(.constdata)
    OSCfg_IntQSizeRAM                        0x08006238   Data           4  os_cfg_app.o(.constdata)
    OSCfg_IntQTaskStkBasePtr                 0x0800623c   Data           4  os_cfg_app.o(.constdata)
    OSCfg_IntQTaskStkLimit                   0x08006240   Data           4  os_cfg_app.o(.constdata)
    OSCfg_IntQTaskStkSize                    0x08006244   Data           4  os_cfg_app.o(.constdata)
    OSCfg_IntQTaskStkSizeRAM                 0x08006248   Data           4  os_cfg_app.o(.constdata)
    OSCfg_ISRStkBasePtr                      0x0800624c   Data           4  os_cfg_app.o(.constdata)
    OSCfg_ISRStkSize                         0x08006250   Data           4  os_cfg_app.o(.constdata)
    OSCfg_ISRStkSizeRAM                      0x08006254   Data           4  os_cfg_app.o(.constdata)
    OSCfg_MsgPoolSize                        0x08006258   Data           2  os_cfg_app.o(.constdata)
    OSCfg_MsgPoolSizeRAM                     0x0800625c   Data           4  os_cfg_app.o(.constdata)
    OSCfg_MsgPoolBasePtr                     0x08006260   Data           4  os_cfg_app.o(.constdata)
    OSCfg_StatTaskPrio                       0x08006264   Data           1  os_cfg_app.o(.constdata)
    OSCfg_StatTaskRate_Hz                    0x08006268   Data           4  os_cfg_app.o(.constdata)
    OSCfg_StatTaskStkBasePtr                 0x0800626c   Data           4  os_cfg_app.o(.constdata)
    OSCfg_StatTaskStkLimit                   0x08006270   Data           4  os_cfg_app.o(.constdata)
    OSCfg_StatTaskStkSize                    0x08006274   Data           4  os_cfg_app.o(.constdata)
    OSCfg_StatTaskStkSizeRAM                 0x08006278   Data           4  os_cfg_app.o(.constdata)
    OSCfg_StkSizeMin                         0x0800627c   Data           4  os_cfg_app.o(.constdata)
    OSCfg_TickRate_Hz                        0x08006280   Data           4  os_cfg_app.o(.constdata)
    OSCfg_TickTaskPrio                       0x08006284   Data           1  os_cfg_app.o(.constdata)
    OSCfg_TickTaskStkBasePtr                 0x08006288   Data           4  os_cfg_app.o(.constdata)
    OSCfg_TickTaskStkLimit                   0x0800628c   Data           4  os_cfg_app.o(.constdata)
    OSCfg_TickTaskStkSize                    0x08006290   Data           4  os_cfg_app.o(.constdata)
    OSCfg_TickTaskStkSizeRAM                 0x08006294   Data           4  os_cfg_app.o(.constdata)
    OSCfg_TickWheelSize                      0x08006298   Data           2  os_cfg_app.o(.constdata)
    OSCfg_TickWheelSizeRAM                   0x0800629c   Data           4  os_cfg_app.o(.constdata)
    OSCfg_TmrTaskPrio                        0x080062a0   Data           1  os_cfg_app.o(.constdata)
    OSCfg_TmrTaskRate_Hz                     0x080062a4   Data           4  os_cfg_app.o(.constdata)
    OSCfg_TmrTaskStkBasePtr                  0x080062a8   Data           4  os_cfg_app.o(.constdata)
    OSCfg_TmrTaskStkLimit                    0x080062ac   Data           4  os_cfg_app.o(.constdata)
    OSCfg_TmrTaskStkSize                     0x080062b0   Data           4  os_cfg_app.o(.constdata)
    OSCfg_TmrTaskStkSizeRAM                  0x080062b4   Data           4  os_cfg_app.o(.constdata)
    OSCfg_TmrWheelSize                       0x080062b8   Data           2  os_cfg_app.o(.constdata)
    OSCfg_TmrWheelSizeRAM                    0x080062bc   Data           4  os_cfg_app.o(.constdata)
    OSCfg_DataSizeRAM                        0x080062c0   Data           4  os_cfg_app.o(.constdata)
    OSDbg_DbgEn                              0x080062c4   Data           1  os_dbg.o(.constdata)
    OSDbg_ArgChkEn                           0x080062c5   Data           1  os_dbg.o(.constdata)
    OSDbg_AppHooksEn                         0x080062c6   Data           1  os_dbg.o(.constdata)
    OSDbg_EndiannessTest                     0x080062c8   Data           4  os_dbg.o(.constdata)
    OSDbg_CalledFromISRChkEn                 0x080062cc   Data           1  os_dbg.o(.constdata)
    OSDbg_FlagEn                             0x080062cd   Data           1  os_dbg.o(.constdata)
    OSDbg_FlagGrp                            0x080062d0   Data          40  os_dbg.o(.constdata)
    OSDbg_FlagDelEn                          0x080062f8   Data           1  os_dbg.o(.constdata)
    OSDbg_FlagModeClrEn                      0x080062f9   Data           1  os_dbg.o(.constdata)
    OSDbg_FlagPendAbortEn                    0x080062fa   Data           1  os_dbg.o(.constdata)
    OSDbg_FlagGrpSize                        0x080062fc   Data           2  os_dbg.o(.constdata)
    OSDbg_FlagWidth                          0x080062fe   Data           2  os_dbg.o(.constdata)
    OSDbg_IntQ                               0x08006300   Data           2  os_dbg.o(.constdata)
    OSDbg_ISRPostDeferredEn                  0x08006302   Data           1  os_dbg.o(.constdata)
    OSDbg_Mem                                0x08006304   Data          32  os_dbg.o(.constdata)
    OSDbg_MemEn                              0x08006324   Data           1  os_dbg.o(.constdata)
    OSDbg_MemSize                            0x08006326   Data           2  os_dbg.o(.constdata)
    OSDbg_MsgEn                              0x08006328   Data           1  os_dbg.o(.constdata)
    OSDbg_MsgSize                            0x0800632a   Data           2  os_dbg.o(.constdata)
    OSDbg_MsgPoolSize                        0x0800632c   Data           2  os_dbg.o(.constdata)
    OSDbg_MsgQSize                           0x0800632e   Data           2  os_dbg.o(.constdata)
    OSDbg_Mutex                              0x08006330   Data          44  os_dbg.o(.constdata)
    OSDbg_MutexEn                            0x0800635c   Data           1  os_dbg.o(.constdata)
    OSDbg_MutexDelEn                         0x0800635d   Data           1  os_dbg.o(.constdata)
    OSDbg_MutexPendAbortEn                   0x0800635e   Data           1  os_dbg.o(.constdata)
    OSDbg_MutexSize                          0x08006360   Data           2  os_dbg.o(.constdata)
    OSDbg_ObjTypeChkEn                       0x08006362   Data           1  os_dbg.o(.constdata)
    OSDbg_PendMultiEn                        0x08006363   Data           1  os_dbg.o(.constdata)
    OSDbg_PendDataSize                       0x08006364   Data           2  os_dbg.o(.constdata)
    OSDbg_PendListSize                       0x08006366   Data           2  os_dbg.o(.constdata)
    OSDbg_PendObjSize                        0x08006368   Data           2  os_dbg.o(.constdata)
    OSDbg_PrioMax                            0x0800636a   Data           2  os_dbg.o(.constdata)
    OSDbg_PrioTblSize                        0x0800636c   Data           2  os_dbg.o(.constdata)
    OSDbg_PtrSize                            0x0800636e   Data           2  os_dbg.o(.constdata)
    OSDbg_Q                                  0x08006370   Data          48  os_dbg.o(.constdata)
    OSDbg_QEn                                0x080063a0   Data           1  os_dbg.o(.constdata)
    OSDbg_QDelEn                             0x080063a1   Data           1  os_dbg.o(.constdata)
    OSDbg_QFlushEn                           0x080063a2   Data           1  os_dbg.o(.constdata)
    OSDbg_QPendAbortEn                       0x080063a3   Data           1  os_dbg.o(.constdata)
    OSDbg_QSize                              0x080063a4   Data           2  os_dbg.o(.constdata)
    OSDbg_SchedRoundRobinEn                  0x080063a6   Data           1  os_dbg.o(.constdata)
    OSDbg_Sem                                0x080063a8   Data          40  os_dbg.o(.constdata)
    OSDbg_SemEn                              0x080063d0   Data           1  os_dbg.o(.constdata)
    OSDbg_SemDelEn                           0x080063d1   Data           1  os_dbg.o(.constdata)
    OSDbg_SemPendAbortEn                     0x080063d2   Data           1  os_dbg.o(.constdata)
    OSDbg_SemSetEn                           0x080063d3   Data           1  os_dbg.o(.constdata)
    OSDbg_SemSize                            0x080063d4   Data           2  os_dbg.o(.constdata)
    OSDbg_RdyList                            0x080063d6   Data           2  os_dbg.o(.constdata)
    OSDbg_RdyListSize                        0x080063d8   Data           4  os_dbg.o(.constdata)
    OSDbg_StkWidth                           0x080063dc   Data           1  os_dbg.o(.constdata)
    OSDbg_StatTaskEn                         0x080063dd   Data           1  os_dbg.o(.constdata)
    OSDbg_StatTaskStkChkEn                   0x080063de   Data           1  os_dbg.o(.constdata)
    OSDbg_TaskChangePrioEn                   0x080063df   Data           1  os_dbg.o(.constdata)
    OSDbg_TaskDelEn                          0x080063e0   Data           1  os_dbg.o(.constdata)
    OSDbg_TaskQEn                            0x080063e1   Data           1  os_dbg.o(.constdata)
    OSDbg_TaskQPendAbortEn                   0x080063e2   Data           1  os_dbg.o(.constdata)
    OSDbg_TaskProfileEn                      0x080063e3   Data           1  os_dbg.o(.constdata)
    OSDbg_TaskRegTblSize                     0x080063e4   Data           2  os_dbg.o(.constdata)
    OSDbg_TaskSemPendAbortEn                 0x080063e6   Data           1  os_dbg.o(.constdata)
    OSDbg_TaskSuspendEn                      0x080063e7   Data           1  os_dbg.o(.constdata)
    OSDbg_TCBSize                            0x080063e8   Data           2  os_dbg.o(.constdata)
    OSDbg_TickSpokeSize                      0x080063ea   Data           2  os_dbg.o(.constdata)
    OSDbg_TimeDlyHMSMEn                      0x080063ec   Data           1  os_dbg.o(.constdata)
    OSDbg_TimeDlyResumeEn                    0x080063ed   Data           1  os_dbg.o(.constdata)
    OSDbg_TLS_TblSize                        0x080063ee   Data           2  os_dbg.o(.constdata)
    OSDbg_Tmr                                0x080063f0   Data          52  os_dbg.o(.constdata)
    OSDbg_TmrEn                              0x08006424   Data           1  os_dbg.o(.constdata)
    OSDbg_TmrDelEn                           0x08006425   Data           1  os_dbg.o(.constdata)
    OSDbg_TmrSize                            0x08006426   Data           2  os_dbg.o(.constdata)
    OSDbg_TmrSpokeSize                       0x08006428   Data           2  os_dbg.o(.constdata)
    OSDbg_VersionNbr                         0x0800642a   Data           2  os_dbg.o(.constdata)
    OSDbg_DataSize                           0x0800642c   Data           4  os_dbg.o(.constdata)
    __mathlib_zero                           0x08006518   Data           8  qnan.o(.constdata)
    Region$$Table$$Base                      0x08006520   Number         0  anon$$obj.o(Region$$Table)
    Region$$Table$$Limit                     0x08006540   Number         0  anon$$obj.o(Region$$Table)
    CPU_TS_TmrFreq_Hz                        0x20000014   Data           4  cpu_core.o(.data)
    OSPrioTbl                                0x20000018   Data           8  os_prio.o(.data)
    OS_AppTaskCreateHookPtr                  0x20000020   Data           4  os_var.o(.data)
    OS_AppTaskDelHookPtr                     0x20000024   Data           4  os_var.o(.data)
    OS_AppTaskReturnHookPtr                  0x20000028   Data           4  os_var.o(.data)
    OS_AppIdleTaskHookPtr                    0x2000002c   Data           4  os_var.o(.data)
    OS_AppStatTaskHookPtr                    0x20000030   Data           4  os_var.o(.data)
    OS_AppTaskSwHookPtr                      0x20000034   Data           4  os_var.o(.data)
    OS_AppTimeTickHookPtr                    0x20000038   Data           4  os_var.o(.data)
    OSIdleTaskCtr                            0x2000003c   Data           4  os_var.o(.data)
    OSIntNestingCtr                          0x20000040   Data           1  os_var.o(.data)
    OSRunning                                0x20000041   Data           1  os_var.o(.data)
    OSFlagDbgListPtr                         0x20000044   Data           4  os_var.o(.data)
    OSFlagQty                                0x20000048   Data           2  os_var.o(.data)
    OSMemDbgListPtr                          0x2000004c   Data           4  os_var.o(.data)
    OSMemQty                                 0x20000050   Data           2  os_var.o(.data)
    OSMutexDbgListPtr                        0x20000054   Data           4  os_var.o(.data)
    OSMutexQty                               0x20000058   Data           2  os_var.o(.data)
    OSPrioCur                                0x2000005a   Data           1  os_var.o(.data)
    OSPrioHighRdy                            0x2000005b   Data           1  os_var.o(.data)
    OSPrioSaved                              0x2000005c   Data           1  os_var.o(.data)
    OSQDbgListPtr                            0x20000060   Data           4  os_var.o(.data)
    OSQQty                                   0x20000064   Data           2  os_var.o(.data)
    OSSchedLockTimeBegin                     0x20000068   Data           4  os_var.o(.data)
    OSSchedLockTimeMax                       0x2000006c   Data           4  os_var.o(.data)
    OSSchedLockTimeMaxCur                    0x20000070   Data           4  os_var.o(.data)
    OSSchedLockNestingCtr                    0x20000074   Data           1  os_var.o(.data)
    OSSchedRoundRobinDfltTimeQuanta          0x20000078   Data           4  os_var.o(.data)
    OSSchedRoundRobinEn                      0x2000007c   Data           1  os_var.o(.data)
    OSSemDbgListPtr                          0x20000080   Data           4  os_var.o(.data)
    OSSemQty                                 0x20000084   Data           2  os_var.o(.data)
    OSStatResetFlag                          0x20000086   Data           1  os_var.o(.data)
    OSStatTaskCPUUsage                       0x20000088   Data           2  os_var.o(.data)
    OSStatTaskCPUUsageMax                    0x2000008a   Data           2  os_var.o(.data)
    OSStatTaskCtr                            0x2000008c   Data           4  os_var.o(.data)
    OSStatTaskCtrMax                         0x20000090   Data           4  os_var.o(.data)
    OSStatTaskCtrRun                         0x20000094   Data           4  os_var.o(.data)
    OSStatTaskRdy                            0x20000098   Data           1  os_var.o(.data)
    OSStatTaskTimeMax                        0x2000009c   Data           4  os_var.o(.data)
    OSTaskCtxSwCtr                           0x200000a0   Data           4  os_var.o(.data)
    OSTaskDbgListPtr                         0x200000a4   Data           4  os_var.o(.data)
    OSTaskQty                                0x200000a8   Data           2  os_var.o(.data)
    OSTaskRegNextAvailID                     0x200000aa   Data           1  os_var.o(.data)
    OSTickCtr                                0x200000ac   Data           4  os_var.o(.data)
    OSTickTaskTimeMax                        0x200000b0   Data           4  os_var.o(.data)
    OSTmrDbgListPtr                          0x200000b4   Data           4  os_var.o(.data)
    OSTmrQty                                 0x200000b8   Data           2  os_var.o(.data)
    OSTmrTaskTimeMax                         0x200000bc   Data           4  os_var.o(.data)
    OSTmrTickCtr                             0x200000c0   Data           4  os_var.o(.data)
    OSTmrUpdateCnt                           0x200000c4   Data           4  os_var.o(.data)
    OSTmrUpdateCtr                           0x200000c8   Data           4  os_var.o(.data)
    OSTCBCurPtr                              0x200000cc   Data           4  os_var.o(.data)
    OSTCBHighRdyPtr                          0x200000d0   Data           4  os_var.o(.data)
    OS_CPU_ExceptStkBase                     0x200000d4   Data           4  os_cpu_c.o(.data)
    Gyro_Off_started                         0x200000d8   Data           1  mpu6500.o(.data)
    lastAx                                   0x200000da   Data           2  mpu6500.o(.data)
    lastAy                                   0x200000dc   Data           2  mpu6500.o(.data)
    lastAz                                   0x200000de   Data           2  mpu6500.o(.data)
    lastGx                                   0x200000e0   Data           2  mpu6500.o(.data)
    lastGy                                   0x200000e2   Data           2  mpu6500.o(.data)
    lastGz                                   0x200000e4   Data           2  mpu6500.o(.data)
    lastMx                                   0x2000011c   Data           2  lsm303d.o(.data)
    lastMy                                   0x2000011e   Data           2  lsm303d.o(.data)
    lastMz                                   0x20000120   Data           2  lsm303d.o(.data)
    Mag_maxx                                 0x20000138   Data           2  lsm303d.o(.data)
    Mag_maxy                                 0x2000013a   Data           2  lsm303d.o(.data)
    Mag_maxz                                 0x2000013c   Data           2  lsm303d.o(.data)
    Mag_minx                                 0x2000013e   Data           2  lsm303d.o(.data)
    Mag_miny                                 0x20000140   Data           2  lsm303d.o(.data)
    Mag_minz                                 0x20000142   Data           2  lsm303d.o(.data)
    Mag_calib                                0x20000144   Data           1  lsm303d.o(.data)
    twoKp                                    0x20000148   Data           4  mahonyahrs.o(.data)
    twoKi                                    0x2000014c   Data           4  mahonyahrs.o(.data)
    q0                                       0x20000150   Data           4  mahonyahrs.o(.data)
    q1                                       0x20000154   Data           4  mahonyahrs.o(.data)
    q2                                       0x20000158   Data           4  mahonyahrs.o(.data)
    q3                                       0x2000015c   Data           4  mahonyahrs.o(.data)
    integralFBx                              0x20000160   Data           4  mahonyahrs.o(.data)
    integralFBy                              0x20000164   Data           4  mahonyahrs.o(.data)
    integralFBz                              0x20000168   Data           4  mahonyahrs.o(.data)
    CPU_Name                                 0x2000016c   Data          16  cpu_core.o(.bss)
    OSCfg_IdleTaskStk                        0x2000017c   Data         512  os_cfg_app.o(.bss)
    OSCfg_ISRStk                             0x2000037c   Data         512  os_cfg_app.o(.bss)
    OSCfg_MsgPool                            0x2000057c   Data        1600  os_cfg_app.o(.bss)
    OSCfg_StatTaskStk                        0x20000bbc   Data         512  os_cfg_app.o(.bss)
    OSCfg_TickTaskStk                        0x20000dbc   Data         512  os_cfg_app.o(.bss)
    OSCfg_TickWheel                          0x20000fbc   Data         136  os_cfg_app.o(.bss)
    OSCfg_TmrTaskStk                         0x20001044   Data         512  os_cfg_app.o(.bss)
    OSCfg_TmrWheel                           0x20001244   Data         136  os_cfg_app.o(.bss)
    OSIdleTaskTCB                            0x200012cc   Data         196  os_var.o(.bss)
    OSMsgPool                                0x20001390   Data          12  os_var.o(.bss)
    OSRdyList                                0x2000139c   Data         768  os_var.o(.bss)
    OSStatTaskTCB                            0x2000169c   Data         196  os_var.o(.bss)
    OSTickTaskTCB                            0x20001760   Data         196  os_var.o(.bss)
    OSTmrTaskTCB                             0x20001824   Data         196  os_var.o(.bss)
    StartTaskTCB                             0x200018e8   Data         196  stm32f4xx_main.o(.bss)
    START_TASK_STK                           0x200019ac   Data        2048  stm32f4xx_main.o(.bss)
    IMUTaskTCB                               0x200021ac   Data         196  stm32f4xx_main.o(.bss)
    IMU_TASK_STK                             0x20002270   Data        8192  stm32f4xx_main.o(.bss)
    IMU_proc                                 0x20004270   Data          40  task.o(.bss)
    MPU6500_FIFO                             0x20004298   Data         140  mpu6500.o(.bss)
    RDrone_R                                 0x20004334   Data          36  imu_ahrs.o(.bss)
    __libspace_start                         0x20004404   Data          96  libspace.o(.bss)
    __temporary_stack_top$libspace           0x20004464   Data           0  libspace.o(.bss)



==============================================================================

Memory Map of the image

  Image Entry point : 0x08000189

  Load Region LR_IROM1 (Base: 0x08000000, Size: 0x000066ac, Max: 0x00100000, ABSOLUTE, COMPRESSED[0x0000655c])

    Execution Region ER_IROM1 (Base: 0x08000000, Size: 0x00006540, Max: 0x00100000, ABSOLUTE)

    Base Addr    Size         Type   Attr      Idx    E Section Name        Object

    0x08000000   0x00000188   Data   RO           89    RESET               startup_stm32f40_41xxx.o
    0x08000188   0x00000008   Code   RO         3954  * !!!main             c_w.l(__main.o)
    0x08000190   0x00000034   Code   RO         4240    !!!scatter          c_w.l(__scatter.o)
    0x080001c4   0x0000005a   Code   RO         4238    !!dczerorl2         c_w.l(__dczerorl2.o)
    0x0800021e   0x00000002   PAD
    0x08000220   0x0000001c   Code   RO         4242    !!handler_zi        c_w.l(__scatter_zi.o)
    0x0800023c   0x00000002   Code   RO         4111    .ARM.Collect$$libinit$$00000000  c_w.l(libinit.o)
    0x0800023e   0x00000004   Code   RO         4120    .ARM.Collect$$libinit$$00000001  c_w.l(libinit2.o)
    0x08000242   0x00000000   Code   RO         4123    .ARM.Collect$$libinit$$00000004  c_w.l(libinit2.o)
    0x08000242   0x00000000   Code   RO         4126    .ARM.Collect$$libinit$$0000000A  c_w.l(libinit2.o)
    0x08000242   0x00000000   Code   RO         4128    .ARM.Collect$$libinit$$0000000C  c_w.l(libinit2.o)
    0x08000242   0x00000000   Code   RO         4130    .ARM.Collect$$libinit$$0000000E  c_w.l(libinit2.o)
    0x08000242   0x00000000   Code   RO         4133    .ARM.Collect$$libinit$$00000011  c_w.l(libinit2.o)
    0x08000242   0x00000000   Code   RO         4135    .ARM.Collect$$libinit$$00000013  c_w.l(libinit2.o)
    0x08000242   0x00000000   Code   RO         4137    .ARM.Collect$$libinit$$00000015  c_w.l(libinit2.o)
    0x08000242   0x00000000   Code   RO         4139    .ARM.Collect$$libinit$$00000017  c_w.l(libinit2.o)
    0x08000242   0x00000000   Code   RO         4141    .ARM.Collect$$libinit$$00000019  c_w.l(libinit2.o)
    0x08000242   0x00000000   Code   RO         4143    .ARM.Collect$$libinit$$0000001B  c_w.l(libinit2.o)
    0x08000242   0x00000000   Code   RO         4145    .ARM.Collect$$libinit$$0000001D  c_w.l(libinit2.o)
    0x08000242   0x00000000   Code   RO         4147    .ARM.Collect$$libinit$$0000001F  c_w.l(libinit2.o)
    0x08000242   0x00000000   Code   RO         4149    .ARM.Collect$$libinit$$00000021  c_w.l(libinit2.o)
    0x08000242   0x00000000   Code   RO         4151    .ARM.Collect$$libinit$$00000023  c_w.l(libinit2.o)
    0x08000242   0x00000000   Code   RO         4153    .ARM.Collect$$libinit$$00000025  c_w.l(libinit2.o)
    0x08000242   0x00000000   Code   RO         4157    .ARM.Collect$$libinit$$0000002C  c_w.l(libinit2.o)
    0x08000242   0x00000000   Code   RO         4159    .ARM.Collect$$libinit$$0000002E  c_w.l(libinit2.o)
    0x08000242   0x00000000   Code   RO         4161    .ARM.Collect$$libinit$$00000030  c_w.l(libinit2.o)
    0x08000242   0x00000000   Code   RO         4163    .ARM.Collect$$libinit$$00000032  c_w.l(libinit2.o)
    0x08000242   0x00000002   Code   RO         4164    .ARM.Collect$$libinit$$00000033  c_w.l(libinit2.o)
    0x08000244   0x00000002   Code   RO         4195    .ARM.Collect$$libshutdown$$00000000  c_w.l(libshutdown.o)
    0x08000246   0x00000000   Code   RO         4221    .ARM.Collect$$libshutdown$$00000002  c_w.l(libshutdown2.o)
    0x08000246   0x00000000   Code   RO         4223    .ARM.Collect$$libshutdown$$00000004  c_w.l(libshutdown2.o)
    0x08000246   0x00000000   Code   RO         4226    .ARM.Collect$$libshutdown$$00000007  c_w.l(libshutdown2.o)
    0x08000246   0x00000000   Code   RO         4229    .ARM.Collect$$libshutdown$$0000000A  c_w.l(libshutdown2.o)
    0x08000246   0x00000000   Code   RO         4231    .ARM.Collect$$libshutdown$$0000000C  c_w.l(libshutdown2.o)
    0x08000246   0x00000000   Code   RO         4234    .ARM.Collect$$libshutdown$$0000000F  c_w.l(libshutdown2.o)
    0x08000246   0x00000002   Code   RO         4235    .ARM.Collect$$libshutdown$$00000010  c_w.l(libshutdown2.o)
    0x08000248   0x00000000   Code   RO         4006    .ARM.Collect$$rtentry$$00000000  c_w.l(__rtentry.o)
    0x08000248   0x00000000   Code   RO         4072    .ARM.Collect$$rtentry$$00000002  c_w.l(__rtentry2.o)
    0x08000248   0x00000006   Code   RO         4084    .ARM.Collect$$rtentry$$00000004  c_w.l(__rtentry4.o)
    0x0800024e   0x00000000   Code   RO         4074    .ARM.Collect$$rtentry$$00000009  c_w.l(__rtentry2.o)
    0x0800024e   0x00000004   Code   RO         4075    .ARM.Collect$$rtentry$$0000000A  c_w.l(__rtentry2.o)
    0x08000252   0x00000000   Code   RO         4077    .ARM.Collect$$rtentry$$0000000C  c_w.l(__rtentry2.o)
    0x08000252   0x00000008   Code   RO         4078    .ARM.Collect$$rtentry$$0000000D  c_w.l(__rtentry2.o)
    0x0800025a   0x00000002   Code   RO         4112    .ARM.Collect$$rtexit$$00000000  c_w.l(rtexit.o)
    0x0800025c   0x00000000   Code   RO         4168    .ARM.Collect$$rtexit$$00000002  c_w.l(rtexit2.o)
    0x0800025c   0x00000004   Code   RO         4169    .ARM.Collect$$rtexit$$00000003  c_w.l(rtexit2.o)
    0x08000260   0x00000006   Code   RO         4170    .ARM.Collect$$rtexit$$00000004  c_w.l(rtexit2.o)
    0x08000266   0x00000002   PAD
    0x08000268   0x00000040   Code   RO           90    .text               startup_stm32f40_41xxx.o
    0x080002a8   0x00000034   Code   RO         1862    .text               cpu_a.o
    0x080002dc   0x00000006   Code   RO         3952    .text               c_w.l(heapauxi.o)
    0x080002e2   0x00000016   Code   RO         4011    .text               c_w.l(_rserrno.o)
    0x080002f8   0x00000008   Code   RO         4091    .text               c_w.l(rt_errno_addr_intlibspace.o)
    0x08000300   0x00000008   Code   RO         4095    .text               c_w.l(libspace.o)
    0x08000308   0x0000004a   Code   RO         4098    .text               c_w.l(sys_stackheap_outer.o)
    0x08000352   0x00000012   Code   RO         4100    .text               c_w.l(exit.o)
    0x08000364   0x0000000c   Code   RO         4165    .text               c_w.l(sys_exit.o)
    0x08000370   0x00000002   Code   RO         4184    .text               c_w.l(use_no_semi.o)
    0x08000372   0x00000000   Code   RO         4186    .text               c_w.l(indicate_semi.o)
    0x08000372   0x00000002   PAD
    0x08000374   0x000000ac   Code   RO         3354    CODE                os_cpu_a.o
    0x08000420   0x0000000e   Code   RO         1649    i.BSP_CPU_ClkFreq   bsp.o
    0x0800042e   0x00000004   Code   RO         3555    i.BusFault_Handler  stm32f4xx_it.o
    0x08000432   0x0000000c   Code   RO         1696    i.CPU_Init          cpu_core.o
    0x0800043e   0x00000002   PAD
    0x08000440   0x00000030   Code   RO         1697    i.CPU_NameClr       cpu_core.o
    0x08000470   0x00000008   Code   RO         1699    i.CPU_NameInit      cpu_core.o
    0x08000478   0x00000014   Code   RO         1703    i.CPU_TS_Init       cpu_core.o
    0x0800048c   0x0000000c   Code   RO         1705    i.CPU_TS_TmrFreqSet  cpu_core.o
    0x08000498   0x00000034   Code   RO         1651    i.CPU_TS_TmrInit    bsp.o
    0x080004cc   0x0000000c   Code   RO         1652    i.CPU_TS_TmrRd      bsp.o
    0x080004d8   0x00000002   Code   RO         3556    i.DebugMon_Handler  stm32f4xx_it.o
    0x080004da   0x00000090   Code   RO          145    i.GPIO_Init         stm32f4xx_gpio.o
    0x0800056a   0x00000046   Code   RO          146    i.GPIO_PinAFConfig  stm32f4xx_gpio.o
    0x080005b0   0x00000004   Code   RO          152    i.GPIO_ResetBits    stm32f4xx_gpio.o
    0x080005b4   0x00000004   Code   RO          153    i.GPIO_SetBits      stm32f4xx_gpio.o
    0x080005b8   0x00000004   Code   RO         3557    i.HardFault_Handler  stm32f4xx_it.o
    0x080005bc   0x00000018   Code   RO         3743    i.IMU_HardwareInit  imu_ahrs.o
    0x080005d4   0x0000049c   Code   RO         3744    i.IMU_getInfo       imu_ahrs.o
    0x08000a70   0x000000c4   Code   RO         3745    i.IMU_getValues     imu_ahrs.o
    0x08000b34   0x0000003c   Code   RO         3608    i.IMU_task          task.o
    0x08000b70   0x0000001e   Code   RO         3806    i.LSM303_GetAvg     lsm303d.o
    0x08000b8e   0x00000002   PAD
    0x08000b90   0x00000010   Code   RO         3809    i.LSM303_NewValMag  lsm303d.o
    0x08000ba0   0x000001f8   Code   RO         3813    i.LSM303_readMag    lsm303d.o
    0x08000d98   0x0000001e   Code   RO         3678    i.MPU6500_GetAvg    mpu6500.o
    0x08000db6   0x00000002   PAD
    0x08000db8   0x000000a8   Code   RO         3679    i.MPU6500_InitGyro_Offset  mpu6500.o
    0x08000e60   0x00000010   Code   RO         3680    i.MPU6500_NewVal    mpu6500.o
    0x08000e70   0x00000066   Code   RO         3681    i.MPU6500_initialize  mpu6500.o
    0x08000ed6   0x00000002   PAD
    0x08000ed8   0x00000150   Code   RO         3682    i.MPU6500_readGyro_Acc  mpu6500.o
    0x08001028   0x0000002c   Code   RO         3685    i.MPU6500_writeReg  mpu6500.o
    0x08001054   0x00000344   Code   RO         3907    i.MahonyAHRSupdateIMU  mahonyahrs.o
    0x08001398   0x00000004   Code   RO         3558    i.MemManage_Handler  stm32f4xx_it.o
    0x0800139c   0x00000012   Code   RO         2006    i.Mem_Clr           lib_mem.o
    0x080013ae   0x00000054   Code   RO         2022    i.Mem_Set           lib_mem.o
    0x08001402   0x00000002   Code   RO         3559    i.NMI_Handler       stm32f4xx_it.o
    0x08001404   0x00000014   Code   RO           97    i.NVIC_PriorityGroupConfig  misc.o
    0x08001418   0x00000002   Code   RO         2275    i.OSCfg_Init        os_cfg_app.o
    0x0800141a   0x00000002   PAD
    0x0800141c   0x00000014   Code   RO         3359    i.OSIdleTaskHook    os_cpu_c.o
    0x08001430   0x00000180   Code   RO         2298    i.OSInit            os_core.o
    0x080015b0   0x00000028   Code   RO         3360    i.OSInitHook        os_cpu_c.o
    0x080015d8   0x0000002c   Code   RO         2299    i.OSIntEnter        os_core.o
    0x08001604   0x000000dc   Code   RO         2300    i.OSIntExit         os_core.o
    0x080016e0   0x000000a0   Code   RO         2301    i.OSSched           os_core.o
    0x08001780   0x00000074   Code   RO         2302    i.OSSchedLock       os_core.o
    0x080017f4   0x00000064   Code   RO         2303    i.OSSchedRoundRobinCfg  os_core.o
    0x08001858   0x00000094   Code   RO         2305    i.OSSchedUnlock     os_core.o
    0x080018ec   0x00000080   Code   RO         2890    i.OSSemCreate       os_sem.o
    0x0800196c   0x000001a8   Code   RO         2892    i.OSSemPend         os_sem.o
    0x08001b14   0x00000070   Code   RO         2894    i.OSSemPost         os_sem.o
    0x08001b84   0x00000068   Code   RO         2306    i.OSStart           os_core.o
    0x08001bec   0x00000128   Code   RO         2962    i.OSStatReset       os_stat.o
    0x08001d14   0x000000f0   Code   RO         2963    i.OSStatTaskCPUUsageInit  os_stat.o
    0x08001e04   0x00000014   Code   RO         3361    i.OSStatTaskHook    os_cpu_c.o
    0x08001e18   0x000001b4   Code   RO         2993    i.OSTaskCreate      os_task.o
    0x08001fcc   0x00000018   Code   RO         3362    i.OSTaskCreateHook  os_cpu_c.o
    0x08001fe4   0x00000128   Code   RO         2994    i.OSTaskDel         os_task.o
    0x0800210c   0x00000018   Code   RO         3363    i.OSTaskDelHook     os_cpu_c.o
    0x08002124   0x00000068   Code   RO         3002    i.OSTaskResume      os_task.o
    0x0800218c   0x00000018   Code   RO         3364    i.OSTaskReturnHook  os_cpu_c.o
    0x080021a4   0x000001dc   Code   RO         3003    i.OSTaskSemPend     os_task.o
    0x08002380   0x0000003e   Code   RO         3005    i.OSTaskSemPost     os_task.o
    0x080023be   0x00000002   PAD
    0x080023c0   0x000000d4   Code   RO         3007    i.OSTaskStkChk      os_task.o
    0x08002494   0x0000025c   Code   RO         3365    i.OSTaskStkInit     os_cpu_c.o
    0x080026f0   0x00000038   Code   RO         3008    i.OSTaskSuspend     os_task.o
    0x08002728   0x00000088   Code   RO         3366    i.OSTaskSwHook      os_cpu_c.o
    0x080027b0   0x000000c4   Code   RO         3208    i.OSTimeDly         os_time.o
    0x08002874   0x0000005c   Code   RO         3213    i.OSTimeTick        os_time.o
    0x080028d0   0x00000014   Code   RO         3367    i.OSTimeTickHook    os_cpu_c.o
    0x080028e4   0x000001ac   Code   RO         2538    i.OS_Dbg_Init       os_dbg.o
    0x08002a90   0x00000018   Code   RO         2563    i.OS_FlagInit       os_flag.o
    0x08002aa8   0x00000044   Code   RO         2308    i.OS_IdleTask       os_core.o
    0x08002aec   0x00000070   Code   RO         2309    i.OS_IdleTaskInit   os_core.o
    0x08002b5c   0x00000018   Code   RO         2647    i.OS_MemInit        os_mem.o
    0x08002b74   0x0000007c   Code   RO         2679    i.OS_MsgPoolInit    os_msg.o
    0x08002bf0   0x00000044   Code   RO         2680    i.OS_MsgQFreeAll    os_msg.o
    0x08002c34   0x0000000e   Code   RO         2682    i.OS_MsgQInit       os_msg.o
    0x08002c42   0x00000002   PAD
    0x08002c44   0x00000018   Code   RO         2723    i.OS_MutexInit      os_mutex.o
    0x08002c5c   0x00000068   Code   RO         2310    i.OS_Pend           os_core.o
    0x08002cc4   0x00000026   Code   RO         2313    i.OS_PendDataInit   os_core.o
    0x08002cea   0x00000002   PAD
    0x08002cec   0x0000005c   Code   RO         2314    i.OS_PendDbgNameAdd  os_core.o
    0x08002d48   0x00000024   Code   RO         2315    i.OS_PendDbgNameRemove  os_core.o
    0x08002d6c   0x0000000a   Code   RO         2317    i.OS_PendListInit   os_core.o
    0x08002d76   0x00000066   Code   RO         2319    i.OS_PendListInsertPrio  os_core.o
    0x08002ddc   0x00000030   Code   RO         2320    i.OS_PendListRemove  os_core.o
    0x08002e0c   0x00000042   Code   RO         2321    i.OS_PendListRemove1  os_core.o
    0x08002e4e   0x000000c0   Code   RO         2324    i.OS_Post           os_core.o
    0x08002f0e   0x0000002a   Code   RO         2325    i.OS_Post1          os_core.o
    0x08002f38   0x00000028   Code   RO         2781    i.OS_PrioGetHighest  os_prio.o
    0x08002f60   0x00000018   Code   RO         2782    i.OS_PrioInit       os_prio.o
    0x08002f78   0x00000024   Code   RO         2783    i.OS_PrioInsert     os_prio.o
    0x08002f9c   0x00000024   Code   RO         2784    i.OS_PrioRemove     os_prio.o
    0x08002fc0   0x00000018   Code   RO         2827    i.OS_QInit          os_q.o
    0x08002fd8   0x00000024   Code   RO         2326    i.OS_RdyListInit    os_core.o
    0x08002ffc   0x0000002c   Code   RO         2327    i.OS_RdyListInsert  os_core.o
    0x08003028   0x00000040   Code   RO         2328    i.OS_RdyListInsertHead  os_core.o
    0x08003068   0x0000003c   Code   RO         2329    i.OS_RdyListInsertTail  os_core.o
    0x080030a4   0x00000044   Code   RO         2330    i.OS_RdyListMoveHeadToTail  os_core.o
    0x080030e8   0x0000005c   Code   RO         2331    i.OS_RdyListRemove  os_core.o
    0x08003144   0x0000001c   Code   RO         2332    i.OS_SchedLockTimeMeasStart  os_core.o
    0x08003160   0x0000003c   Code   RO         2333    i.OS_SchedLockTimeMeasStop  os_core.o
    0x0800319c   0x000000d0   Code   RO         2334    i.OS_SchedRoundRobin  os_core.o
    0x0800326c   0x00000030   Code   RO         2897    i.OS_SemDbgListAdd  os_sem.o
    0x0800329c   0x00000018   Code   RO         2899    i.OS_SemInit        os_sem.o
    0x080032b4   0x00000126   Code   RO         2900    i.OS_SemPost        os_sem.o
    0x080033da   0x00000002   PAD
    0x080033dc   0x000002ec   Code   RO         2964    i.OS_StatTask       os_stat.o
    0x080036c8   0x000000cc   Code   RO         2965    i.OS_StatTaskInit   os_stat.o
    0x08003794   0x00000038   Code   RO         2335    i.OS_TaskBlock      os_core.o
    0x080037cc   0x00000030   Code   RO         3010    i.OS_TaskDbgListAdd  os_task.o
    0x080037fc   0x00000044   Code   RO         3011    i.OS_TaskDbgListRemove  os_task.o
    0x08003840   0x00000020   Code   RO         3012    i.OS_TaskInit       os_task.o
    0x08003860   0x000000c8   Code   RO         3013    i.OS_TaskInitTCB    os_task.o
    0x08003928   0x0000001c   Code   RO         2336    i.OS_TaskRdy        os_core.o
    0x08003944   0x00000100   Code   RO         3015    i.OS_TaskResume     os_task.o
    0x08003a44   0x00000018   Code   RO         3016    i.OS_TaskReturn     os_task.o
    0x08003a5c   0x000001c4   Code   RO         3017    i.OS_TaskSemPost    os_task.o
    0x08003c20   0x00000118   Code   RO         3018    i.OS_TaskSuspend    os_task.o
    0x08003d38   0x00000028   Code   RO         3160    i.OS_TickListInit   os_tick.o
    0x08003d60   0x000001bc   Code   RO         3161    i.OS_TickListInsert  os_tick.o
    0x08003f1c   0x00000038   Code   RO         3162    i.OS_TickListRemove  os_tick.o
    0x08003f54   0x00000024   Code   RO         3163    i.OS_TickListResetPeak  os_tick.o
    0x08003f78   0x00000188   Code   RO         3164    i.OS_TickListUpdate  os_tick.o
    0x08004100   0x0000002c   Code   RO         3165    i.OS_TickTask       os_tick.o
    0x0800412c   0x000000b8   Code   RO         3166    i.OS_TickTaskInit   os_tick.o
    0x080041e4   0x00000128   Code   RO         3259    i.OS_TmrInit        os_tmr.o
    0x0800430c   0x000000d0   Code   RO         3260    i.OS_TmrLink        os_tmr.o
    0x080043dc   0x00000024   Code   RO         3261    i.OS_TmrResetPeak   os_tmr.o
    0x08004400   0x000000c0   Code   RO         3262    i.OS_TmrTask        os_tmr.o
    0x080044c0   0x00000050   Code   RO         3263    i.OS_TmrUnlink      os_tmr.o
    0x08004510   0x00000020   Code   RO          242    i.RCC_AHB1PeriphClockCmd  stm32f4xx_rcc.o
    0x08004530   0x00000020   Code   RO          251    i.RCC_APB1PeriphClockCmd  stm32f4xx_rcc.o
    0x08004550   0x000000e8   Code   RO          263    i.RCC_GetClocksFreq  stm32f4xx_rcc.o
    0x08004638   0x000000d4   Code   RO         3634    i.SPI3_Configuration  spi3.o
    0x0800470c   0x00000034   Code   RO         3635    i.SPI3_ReadWrite_Byte  spi3.o
    0x08004740   0x00000028   Code   RO         3637    i.SPI3_readRegs     spi3.o
    0x08004768   0x00000018   Code   RO          770    i.SPI_Cmd           stm32f4xx_spi.o
    0x08004780   0x0000003c   Code   RO          783    i.SPI_Init          stm32f4xx_spi.o
    0x080047bc   0x00000002   Code   RO         3561    i.SVC_Handler       stm32f4xx_it.o
    0x080047be   0x00000002   PAD
    0x080047c0   0x000000ec   Code   RO            3    i.SetSysClock       system_stm32f4xx.o
    0x080048ac   0x00000028   Code   RO          100    i.SysTick_CLKSourceConfig  misc.o
    0x080048d4   0x0000001c   Code   RO         1514    i.SysTick_Handler   explore_systick.o
    0x080048f0   0x00000068   Code   RO            5    i.SystemInit        system_stm32f4xx.o
    0x08004958   0x00000070   Code   RO         1515    i.Systick_Init      explore_systick.o
    0x080049c8   0x00000034   Code   RO         3877    i.TIM3_IRQHandler   timer3_ahrs.o
    0x080049fc   0x00000006   Code   RO          942    i.TIM_ClearITPendingBit  stm32f4xx_tim.o
    0x08004a02   0x00000022   Code   RO          968    i.TIM_GetITStatus   stm32f4xx_tim.o
    0x08004a24   0x00000004   Code   RO         3562    i.UsageFault_Handler  stm32f4xx_it.o
    0x08004a28   0x00000030   Code   RO         4066    i.__ARM_fpclassify  m_wm.l(fpclassify.o)
    0x08004a58   0x00000360   Code   RO         3968    i.__hardfp_asin     m_wm.l(asin.o)
    0x08004db8   0x000002d8   Code   RO         4032    i.__hardfp_atan     m_wm.l(atan.o)
    0x08005090   0x000001f0   Code   RO         3982    i.__hardfp_atan2    m_wm.l(atan2.o)
    0x08005280   0x000000f8   Code   RO         4068    i.__kernel_poly     m_wm.l(poly.o)
    0x08005378   0x00000014   Code   RO         4047    i.__mathlib_dbl_infnan  m_wm.l(dunder.o)
    0x0800538c   0x00000014   Code   RO         4048    i.__mathlib_dbl_infnan2  m_wm.l(dunder.o)
    0x080053a0   0x00000020   Code   RO         4049    i.__mathlib_dbl_invalid  m_wm.l(dunder.o)
    0x080053c0   0x00000020   Code   RO         4052    i.__mathlib_dbl_underflow  m_wm.l(dunder.o)
    0x080053e0   0x00000010   Code   RO         4034    i.atan              m_wm.l(atan.o)
    0x080053f0   0x00000050   Code   RO         1516    i.delay_ms          explore_systick.o
    0x08005440   0x0000000a   Code   RO         1517    i.delay_osschedlock  explore_systick.o
    0x0800544a   0x0000000a   Code   RO         1518    i.delay_osschedunlock  explore_systick.o
    0x08005454   0x00000010   Code   RO         1519    i.delay_ostimedly   explore_systick.o
    0x08005464   0x00000058   Code   RO         1520    i.delay_us          explore_systick.o
    0x080054bc   0x00000018   Code   RO         4062    i.fabs              m_wm.l(fabs.o)
    0x080054d4   0x0000003c   Code   RO         3908    i.invSqrt           mahonyahrs.o
    0x08005510   0x00000090   Code   RO         3514    i.main              stm32f4xx_main.o
    0x080055a0   0x00000088   Code   RO         3746    i.safe_asin         imu_ahrs.o
    0x08005628   0x0000006e   Code   RO         3996    i.sqrt              m_wm.l(sqrt.o)
    0x08005696   0x00000002   PAD
    0x08005698   0x00000094   Code   RO         3515    i.start_task        stm32f4xx_main.o
    0x0800572c   0x00000018   Code   RO         3956    x$fpl$basic         fz_wm.l(basic.o)
    0x08005744   0x00000062   Code   RO         3958    x$fpl$d2f           fz_wm.l(d2f.o)
    0x080057a6   0x00000002   PAD
    0x080057a8   0x00000150   Code   RO         4013    x$fpl$dadd          fz_wm.l(daddsub_clz.o)
    0x080058f8   0x000002b0   Code   RO         3961    x$fpl$ddiv          fz_wm.l(ddiv.o)
    0x08005ba8   0x00000154   Code   RO         3964    x$fpl$dmul          fz_wm.l(dmul.o)
    0x08005cfc   0x0000009c   Code   RO         4021    x$fpl$dnaninf       fz_wm.l(dnaninf.o)
    0x08005d98   0x0000000c   Code   RO         4023    x$fpl$dretinf       fz_wm.l(dretinf.o)
    0x08005da4   0x00000016   Code   RO         4014    x$fpl$drsb          fz_wm.l(daddsub_clz.o)
    0x08005dba   0x00000002   PAD
    0x08005dbc   0x00000198   Code   RO         4025    x$fpl$dsqrt         fz_wm.l(dsqrt_umaal.o)
    0x08005f54   0x000001d4   Code   RO         4015    x$fpl$dsub          fz_wm.l(daddsub_clz.o)
    0x08006128   0x00000056   Code   RO         3966    x$fpl$f2d           fz_wm.l(f2d.o)
    0x0800617e   0x0000008c   Code   RO         4027    x$fpl$fnaninf       fz_wm.l(fnaninf.o)
    0x0800620a   0x0000000a   Code   RO         4180    x$fpl$fpinit        fz_wm.l(fpinit.o)
    0x08006214   0x0000000a   Code   RO         4029    x$fpl$fretinf       fz_wm.l(fretinf.o)
    0x0800621e   0x00000000   Code   RO         4031    x$fpl$usenofp       fz_wm.l(usenofp.o)
    0x0800621e   0x00000002   PAD
    0x08006220   0x000000a4   Data   RO         2277    .constdata          os_cfg_app.o
    0x080062c4   0x0000016c   Data   RO         2539    .constdata          os_dbg.o
    0x08006430   0x00000050   Data   RO         3971    .constdata          m_wm.l(asin.o)
    0x08006480   0x00000098   Data   RO         4035    .constdata          m_wm.l(atan.o)
    0x08006518   0x00000008   Data   RO         4070    .constdata          m_wm.l(qnan.o)
    0x08006520   0x00000020   Data   RO         4236    Region$$Table       anon$$obj.o


    Execution Region RW_IRAM1 (Base: 0x20000000, Size: 0x00004a68, Max: 0x00020000, ABSOLUTE, COMPRESSED[0x0000001c])

    Base Addr    Size         Type   Attr      Idx    E Section Name        Object

    0x20000000   0x00000010   Data   RW          295    .data               stm32f4xx_rcc.o
    0x20000010   0x00000004   Data   RW         1521    .data               explore_systick.o
    0x20000014   0x00000004   Data   RW         1709    .data               cpu_core.o
    0x20000018   0x00000008   Data   RW         2785    .data               os_prio.o
    0x20000020   0x000000b4   Data   RW         3341    .data               os_var.o
    0x200000d4   0x00000004   Data   RW         3370    .data               os_cpu_c.o
    0x200000d8   0x0000001c   Data   RW         3687    .data               mpu6500.o
    0x200000f4   0x00000028   Data   RW         3748    .data               imu_ahrs.o
    0x2000011c   0x00000029   Data   RW         3816    .data               lsm303d.o
    0x20000145   0x00000003   PAD
    0x20000148   0x00000024   Data   RW         3909    .data               mahonyahrs.o
    0x2000016c   0x00000010   Zero   RW         1707    .bss                cpu_core.o
    0x2000017c   0x00001150   Zero   RW         2276    .bss                os_cfg_app.o
    0x200012cc   0x0000061c   Zero   RW         3340    .bss                os_var.o
    0x200018e8   0x00002988   Zero   RW         3516    .bss                stm32f4xx_main.o
    0x20004270   0x00000028   Zero   RW         3609    .bss                task.o
    0x20004298   0x0000009a   Zero   RW         3686    .bss                mpu6500.o
    0x20004332   0x00000002   PAD
    0x20004334   0x00000058   Zero   RW         3747    .bss                imu_ahrs.o
    0x2000438c   0x00000078   Zero   RW         3815    .bss                lsm303d.o
    0x20004404   0x00000060   Zero   RW         4096    .bss                c_w.l(libspace.o)
    0x20004464   0x00000004   PAD
    0x20004468   0x00000200   Zero   RW           88    HEAP                startup_stm32f40_41xxx.o
    0x20004668   0x00000400   Zero   RW           87    STACK               startup_stm32f40_41xxx.o


==============================================================================

Image component sizes


      Code (inc. data)   RO Data    RW Data    ZI Data      Debug   Object Name

        78         14          0          0          0       1498   bsp.o
        52          0          0          0          0        260   cpu_a.o
       100         18          0          4         16       4209   cpu_core.o
       344         40          0          4          0      41659   explore_systick.o
      1536        112          0         40         88       8327   imu_ahrs.o
       102          0          0          0          0       1748   lib_mem.o
       550         82          0         41        120       2844   lsm303d.o
       896         52          0         36          0       2258   mahonyahrs.o
        60         10          0          0          0       1029   misc.o
       696         70          0         28        154       4476   mpu6500.o
         2          0        164          0       4432      19354   os_cfg_app.o
      2930        396          0          0          0      20014   os_core.o
       172         32          0          0          0        296   os_cpu_a.o
       912         56          0          4          0       5960   os_cpu_c.o
       428        280        364          0          0       4669   os_dbg.o
        24         10          0          0          0        778   os_flag.o
        24         10          0          0          0        777   os_mem.o
       206         20          0          0          0       2188   os_msg.o
        24         10          0          0          0        787   os_mutex.o
       136         16          0          8          0       2630   os_prio.o
        24         10          0          0          0        779   os_q.o
      1030         54          0          0          0       5339   os_sem.o
      1488        192          0          0          0       3747   os_stat.o
      3002        172          0          0          0      12249   os_task.o
      1196        116          0          0          0       5229   os_tick.o
       288         38          0          0          0       1553   os_time.o
       812        134          0          0          0       3992   os_tmr.o
         0          0          0        180       1564      17941   os_var.o
       304         20          0          0          0       2111   spi3.o
        64         26        392          0       1536        816   startup_stm32f40_41xxx.o
       222          0          0          0          0       2771   stm32f4xx_gpio.o
        22          0          0          0          0       3055   stm32f4xx_it.o
       292         56          0          0      10632       1858   stm32f4xx_main.o
       296         30          0         16          0       3918   stm32f4xx_rcc.o
        84          0          0          0          0       9817   stm32f4xx_spi.o
        40          0          0          0          0       1770   stm32f4xx_tim.o
       340         32          0          0          0     275349   system_stm32f4xx.o
        60         18          0          0         40        726   task.o
        52         10          0          0          0        526   timer3_ahrs.o

    ----------------------------------------------------------------------
     18908       2136        952        364      18584     479307   Object Totals
         0          0         32          0          0          0   (incl. Generated)
        20          0          0          3          2          0   (incl. Padding)

    ----------------------------------------------------------------------

      Code (inc. data)   RO Data    RW Data    ZI Data      Debug   Library Member Name

        90          0          0          0          0          0   __dczerorl2.o
         8          0          0          0          0         68   __main.o
         0          0          0          0          0          0   __rtentry.o
        12          0          0          0          0          0   __rtentry2.o
         6          0          0          0          0          0   __rtentry4.o
        52          8          0          0          0          0   __scatter.o
        28          0          0          0          0          0   __scatter_zi.o
        22          0          0          0          0        100   _rserrno.o
        18          0          0          0          0         80   exit.o
         6          0          0          0          0        152   heapauxi.o
         0          0          0          0          0          0   indicate_semi.o
         2          0          0          0          0          0   libinit.o
         6          0          0          0          0          0   libinit2.o
         2          0          0          0          0          0   libshutdown.o
         2          0          0          0          0          0   libshutdown2.o
         8          4          0          0         96         68   libspace.o
         8          4          0          0          0         68   rt_errno_addr_intlibspace.o
         2          0          0          0          0          0   rtexit.o
        10          0          0          0          0          0   rtexit2.o
        12          4          0          0          0         68   sys_exit.o
        74          0          0          0          0         80   sys_stackheap_outer.o
         2          0          0          0          0         68   use_no_semi.o
        24          0          0          0          0        164   basic.o
        98          4          0          0          0        140   d2f.o
       826         16          0          0          0        492   daddsub_clz.o
       688        140          0          0          0        256   ddiv.o
       340         12          0          0          0        152   dmul.o
       156          4          0          0          0        140   dnaninf.o
        12          0          0          0          0        116   dretinf.o
       408         56          0          0          0        168   dsqrt_umaal.o
        86          4          0          0          0        132   f2d.o
       140          4          0          0          0        132   fnaninf.o
        10          0          0          0          0        116   fpinit.o
        10          0          0          0          0        116   fretinf.o
         0          0          0          0          0          0   usenofp.o
       864         94         80          0          0        280   asin.o
       744        106        152          0          0        352   atan.o
       496         64          0          0          0        192   atan2.o
       104         16          0          0          0        496   dunder.o
        24          0          0          0          0        124   fabs.o
        48          0          0          0          0        124   fpclassify.o
       248          0          0          0          0        152   poly.o
         0          0          8          0          0          0   qnan.o
       110          0          0          0          0        148   sqrt.o

    ----------------------------------------------------------------------
      5820        540        240          0        100       4744   Library Totals
        14          0          0          0          4          0   (incl. Padding)

    ----------------------------------------------------------------------

      Code (inc. data)   RO Data    RW Data    ZI Data      Debug   Library Name

       370         20          0          0         96        752   c_w.l
      2798        240          0          0          0       2124   fz_wm.l
      2638        280        240          0          0       1868   m_wm.l

    ----------------------------------------------------------------------
      5820        540        240          0        100       4744   Library Totals

    ----------------------------------------------------------------------

==============================================================================


      Code (inc. data)   RO Data    RW Data    ZI Data      Debug   

     24728       2676       1192        364      18684     466691   Grand Totals
     24728       2676       1192         28      18684     466691   ELF Image Totals (compressed)
     24728       2676       1192         28          0          0   ROM Totals

==============================================================================

    Total RO  Size (Code + RO Data)                25920 (  25.31kB)
    Total RW  Size (RW Data + ZI Data)             19048 (  18.60kB)
    Total ROM Size (Code + RO Data + RW Data)      25948 (  25.34kB)

==============================================================================

